Archive member included to satisfy reference by file (symbol)

c:/st/stm32cubeide_1.0.2/stm32cubeide/plugins/com.st.stm32cube.ide.mcu.externaltools.gnu-tools-for-stm32.7-2018-q2-update.win32_1.0.0.201904181610/tools/bin/../lib/gcc/arm-none-eabi/7.3.1/../../../../arm-none-eabi/lib/thumb/v7e-m/fpv5/hard\libc_nano.a(lib_a-errno.o)
                              Src/syscalls.o (__errno)
c:/st/stm32cubeide_1.0.2/stm32cubeide/plugins/com.st.stm32cube.ide.mcu.externaltools.gnu-tools-for-stm32.7-2018-q2-update.win32_1.0.0.201904181610/tools/bin/../lib/gcc/arm-none-eabi/7.3.1/../../../../arm-none-eabi/lib/thumb/v7e-m/fpv5/hard\libc_nano.a(lib_a-exit.o)
                              c:/st/stm32cubeide_1.0.2/stm32cubeide/plugins/com.st.stm32cube.ide.mcu.externaltools.gnu-tools-for-stm32.7-2018-q2-update.win32_1.0.0.201904181610/tools/bin/../lib/gcc/arm-none-eabi/7.3.1/../../../../arm-none-eabi/lib/thumb/v7e-m/fpv5/hard/crt0.o (exit)
c:/st/stm32cubeide_1.0.2/stm32cubeide/plugins/com.st.stm32cube.ide.mcu.externaltools.gnu-tools-for-stm32.7-2018-q2-update.win32_1.0.0.201904181610/tools/bin/../lib/gcc/arm-none-eabi/7.3.1/../../../../arm-none-eabi/lib/thumb/v7e-m/fpv5/hard\libc_nano.a(lib_a-impure.o)
                              c:/st/stm32cubeide_1.0.2/stm32cubeide/plugins/com.st.stm32cube.ide.mcu.externaltools.gnu-tools-for-stm32.7-2018-q2-update.win32_1.0.0.201904181610/tools/bin/../lib/gcc/arm-none-eabi/7.3.1/../../../../arm-none-eabi/lib/thumb/v7e-m/fpv5/hard\libc_nano.a(lib_a-exit.o) (_global_impure_ptr)
c:/st/stm32cubeide_1.0.2/stm32cubeide/plugins/com.st.stm32cube.ide.mcu.externaltools.gnu-tools-for-stm32.7-2018-q2-update.win32_1.0.0.201904181610/tools/bin/../lib/gcc/arm-none-eabi/7.3.1/../../../../arm-none-eabi/lib/thumb/v7e-m/fpv5/hard\libc_nano.a(lib_a-init.o)
                              c:/st/stm32cubeide_1.0.2/stm32cubeide/plugins/com.st.stm32cube.ide.mcu.externaltools.gnu-tools-for-stm32.7-2018-q2-update.win32_1.0.0.201904181610/tools/bin/../lib/gcc/arm-none-eabi/7.3.1/../../../../arm-none-eabi/lib/thumb/v7e-m/fpv5/hard/crt0.o (__libc_init_array)
c:/st/stm32cubeide_1.0.2/stm32cubeide/plugins/com.st.stm32cube.ide.mcu.externaltools.gnu-tools-for-stm32.7-2018-q2-update.win32_1.0.0.201904181610/tools/bin/../lib/gcc/arm-none-eabi/7.3.1/../../../../arm-none-eabi/lib/thumb/v7e-m/fpv5/hard\libc_nano.a(lib_a-memset.o)
                              c:/st/stm32cubeide_1.0.2/stm32cubeide/plugins/com.st.stm32cube.ide.mcu.externaltools.gnu-tools-for-stm32.7-2018-q2-update.win32_1.0.0.201904181610/tools/bin/../lib/gcc/arm-none-eabi/7.3.1/../../../../arm-none-eabi/lib/thumb/v7e-m/fpv5/hard/crt0.o (memset)
c:/st/stm32cubeide_1.0.2/stm32cubeide/plugins/com.st.stm32cube.ide.mcu.externaltools.gnu-tools-for-stm32.7-2018-q2-update.win32_1.0.0.201904181610/tools/bin/../lib/gcc/arm-none-eabi/7.3.1/thumb/v7e-m/fpv5/hard\libgcc.a(_aeabi_uldivmod.o)
                              Drivers/STM32H7xx_HAL_Driver/Src/stm32h7xx_hal_uart.o (__aeabi_uldivmod)
c:/st/stm32cubeide_1.0.2/stm32cubeide/plugins/com.st.stm32cube.ide.mcu.externaltools.gnu-tools-for-stm32.7-2018-q2-update.win32_1.0.0.201904181610/tools/bin/../lib/gcc/arm-none-eabi/7.3.1/thumb/v7e-m/fpv5/hard\libgcc.a(_udivmoddi4.o)
                              c:/st/stm32cubeide_1.0.2/stm32cubeide/plugins/com.st.stm32cube.ide.mcu.externaltools.gnu-tools-for-stm32.7-2018-q2-update.win32_1.0.0.201904181610/tools/bin/../lib/gcc/arm-none-eabi/7.3.1/thumb/v7e-m/fpv5/hard\libgcc.a(_aeabi_uldivmod.o) (__udivmoddi4)
c:/st/stm32cubeide_1.0.2/stm32cubeide/plugins/com.st.stm32cube.ide.mcu.externaltools.gnu-tools-for-stm32.7-2018-q2-update.win32_1.0.0.201904181610/tools/bin/../lib/gcc/arm-none-eabi/7.3.1/thumb/v7e-m/fpv5/hard\libgcc.a(_dvmd_tls.o)
                              c:/st/stm32cubeide_1.0.2/stm32cubeide/plugins/com.st.stm32cube.ide.mcu.externaltools.gnu-tools-for-stm32.7-2018-q2-update.win32_1.0.0.201904181610/tools/bin/../lib/gcc/arm-none-eabi/7.3.1/thumb/v7e-m/fpv5/hard\libgcc.a(_aeabi_uldivmod.o) (__aeabi_ldiv0)

Allocating common symbols
Common symbol       size              file

huart3              0x8c              Src/main.o
hpcd_USB_OTG_FS     0x408             Src/main.o
uwTick              0x4               Drivers/STM32H7xx_HAL_Driver/Src/stm32h7xx_hal.o
pFlash              0x1c              Drivers/STM32H7xx_HAL_Driver/Src/stm32h7xx_hal_flash.o
htim3               0x40              Src/main.o
htim13              0x40              Src/main.o
htim12              0x40              Src/main.o
heth                0x70              Src/main.o
TxConfig            0x34              Src/main.o

Discarded input sections

 .text          0x0000000000000000        0x0 c:/st/stm32cubeide_1.0.2/stm32cubeide/plugins/com.st.stm32cube.ide.mcu.externaltools.gnu-tools-for-stm32.7-2018-q2-update.win32_1.0.0.201904181610/tools/bin/../lib/gcc/arm-none-eabi/7.3.1/thumb/v7e-m/fpv5/hard/crti.o
[...]
Memory Configuration

Name             Origin             Length             Attributes
DTCMRAM          0x0000000020000000 0x0000000000020000 xrw
ITCMRAM          0x0000000000000000 0x0000000000010000 xrw
RAM_D1           0x0000000024000000 0x0000000000080000 xrw
RAM_D2           0x0000000030000000 0x0000000000048000 xrw
RAM_D3           0x0000000038000000 0x0000000000010000 xrw
FLASH            0x0000000008000000 0x0000000000200000 xr
*default*        0x0000000000000000 0xffffffffffffffff

Linker script and memory map

LOAD c:/st/stm32cubeide_1.0.2/stm32cubeide/plugins/com.st.stm32cube.ide.mcu.externaltools.gnu-tools-for-stm32.7-2018-q2-update.win32_1.0.0.201904181610/tools/bin/../lib/gcc/arm-none-eabi/7.3.1/thumb/v7e-m/fpv5/hard/crti.o
LOAD c:/st/stm32cubeide_1.0.2/stm32cubeide/plugins/com.st.stm32cube.ide.mcu.externaltools.gnu-tools-for-stm32.7-2018-q2-update.win32_1.0.0.201904181610/tools/bin/../lib/gcc/arm-none-eabi/7.3.1/thumb/v7e-m/fpv5/hard/crtbegin.o
LOAD c:/st/stm32cubeide_1.0.2/stm32cubeide/plugins/com.st.stm32cube.ide.mcu.externaltools.gnu-tools-for-stm32.7-2018-q2-update.win32_1.0.0.201904181610/tools/bin/../lib/gcc/arm-none-eabi/7.3.1/../../../../arm-none-eabi/lib/thumb/v7e-m/fpv5/hard/crt0.o
LOAD Drivers/STM32H7xx_HAL_Driver/Src/stm32h7xx_hal.o
LOAD Drivers/STM32H7xx_HAL_Driver/Src/stm32h7xx_hal_cortex.o
LOAD Drivers/STM32H7xx_HAL_Driver/Src/stm32h7xx_hal_dma.o
LOAD Drivers/STM32H7xx_HAL_Driver/Src/stm32h7xx_hal_dma_ex.o
LOAD Drivers/STM32H7xx_HAL_Driver/Src/stm32h7xx_hal_eth.o
LOAD Drivers/STM32H7xx_HAL_Driver/Src/stm32h7xx_hal_eth_ex.o
LOAD Drivers/STM32H7xx_HAL_Driver/Src/stm32h7xx_hal_exti.o
LOAD Drivers/STM32H7xx_HAL_Driver/Src/stm32h7xx_hal_flash.o
LOAD Drivers/STM32H7xx_HAL_Driver/Src/stm32h7xx_hal_flash_ex.o
LOAD Drivers/STM32H7xx_HAL_Driver/Src/stm32h7xx_hal_gpio.o
LOAD Drivers/STM32H7xx_HAL_Driver/Src/stm32h7xx_hal_hsem.o
LOAD Drivers/STM32H7xx_HAL_Driver/Src/stm32h7xx_hal_i2c.o
LOAD Drivers/STM32H7xx_HAL_Driver/Src/stm32h7xx_hal_i2c_ex.o
LOAD Drivers/STM32H7xx_HAL_Driver/Src/stm32h7xx_hal_mdma.o
LOAD Drivers/STM32H7xx_HAL_Driver/Src/stm32h7xx_hal_pcd.o
LOAD Drivers/STM32H7xx_HAL_Driver/Src/stm32h7xx_hal_pcd_ex.o
LOAD Drivers/STM32H7xx_HAL_Driver/Src/stm32h7xx_hal_pwr.o
LOAD Drivers/STM32H7xx_HAL_Driver/Src/stm32h7xx_hal_pwr_ex.o
LOAD Drivers/STM32H7xx_HAL_Driver/Src/stm32h7xx_hal_rcc.o
LOAD Drivers/STM32H7xx_HAL_Driver/Src/stm32h7xx_hal_rcc_ex.o
LOAD Drivers/STM32H7xx_HAL_Driver/Src/stm32h7xx_hal_tim.o
LOAD Drivers/STM32H7xx_HAL_Driver/Src/stm32h7xx_hal_tim_ex.o
LOAD Drivers/STM32H7xx_HAL_Driver/Src/stm32h7xx_hal_uart.o
LOAD Drivers/STM32H7xx_HAL_Driver/Src/stm32h7xx_hal_uart_ex.o
LOAD Drivers/STM32H7xx_HAL_Driver/Src/stm32h7xx_ll_usb.o
LOAD Src/delay.o
LOAD Src/main.o
LOAD Src/oled.o
LOAD Src/stm32h7xx_hal_msp.o
LOAD Src/stm32h7xx_it.o
LOAD Src/sys.o
LOAD Src/syscalls.o
LOAD Src/sysmem.o
LOAD Src/system_stm32h7xx.o
LOAD Startup/startup_stm32h743zitx.o
START GROUP
LOAD c:/st/stm32cubeide_1.0.2/stm32cubeide/plugins/com.st.stm32cube.ide.mcu.externaltools.gnu-tools-for-stm32.7-2018-q2-update.win32_1.0.0.201904181610/tools/bin/../lib/gcc/arm-none-eabi/7.3.1/../../../../arm-none-eabi/lib/thumb/v7e-m/fpv5/hard\libc_nano.a
LOAD c:/st/stm32cubeide_1.0.2/stm32cubeide/plugins/com.st.stm32cube.ide.mcu.externaltools.gnu-tools-for-stm32.7-2018-q2-update.win32_1.0.0.201904181610/tools/bin/../lib/gcc/arm-none-eabi/7.3.1/../../../../arm-none-eabi/lib/thumb/v7e-m/fpv5/hard\libm.a
END GROUP
START GROUP
LOAD c:/st/stm32cubeide_1.0.2/stm32cubeide/plugins/com.st.stm32cube.ide.mcu.externaltools.gnu-tools-for-stm32.7-2018-q2-update.win32_1.0.0.201904181610/tools/bin/../lib/gcc/arm-none-eabi/7.3.1/thumb/v7e-m/fpv5/hard\libgcc.a
LOAD c:/st/stm32cubeide_1.0.2/stm32cubeide/plugins/com.st.stm32cube.ide.mcu.externaltools.gnu-tools-for-stm32.7-2018-q2-update.win32_1.0.0.201904181610/tools/bin/../lib/gcc/arm-none-eabi/7.3.1/../../../../arm-none-eabi/lib/thumb/v7e-m/fpv5/hard\libc_nano.a
END GROUP
START GROUP
LOAD c:/st/stm32cubeide_1.0.2/stm32cubeide/plugins/com.st.stm32cube.ide.mcu.externaltools.gnu-tools-for-stm32.7-2018-q2-update.win32_1.0.0.201904181610/tools/bin/../lib/gcc/arm-none-eabi/7.3.1/thumb/v7e-m/fpv5/hard\libgcc.a
LOAD c:/st/stm32cubeide_1.0.2/stm32cubeide/plugins/com.st.stm32cube.ide.mcu.externaltools.gnu-tools-for-stm32.7-2018-q2-update.win32_1.0.0.201904181610/tools/bin/../lib/gcc/arm-none-eabi/7.3.1/../../../../arm-none-eabi/lib/thumb/v7e-m/fpv5/hard\libc_nano.a
LOAD c:/st/stm32cubeide_1.0.2/stm32cubeide/plugins/com.st.stm32cube.ide.mcu.externaltools.gnu-tools-for-stm32.7-2018-q2-update.win32_1.0.0.201904181610/tools/bin/../lib/gcc/arm-none-eabi/7.3.1/../../../../arm-none-eabi/lib/thumb/v7e-m/fpv5/hard\libnosys.a
END GROUP
START GROUP
LOAD c:/st/stm32cubeide_1.0.2/stm32cubeide/plugins/com.st.stm32cube.ide.mcu.externaltools.gnu-tools-for-stm32.7-2018-q2-update.win32_1.0.0.201904181610/tools/bin/../lib/gcc/arm-none-eabi/7.3.1/thumb/v7e-m/fpv5/hard\libgcc.a
LOAD c:/st/stm32cubeide_1.0.2/stm32cubeide/plugins/com.st.stm32cube.ide.mcu.externaltools.gnu-tools-for-stm32.7-2018-q2-update.win32_1.0.0.201904181610/tools/bin/../lib/gcc/arm-none-eabi/7.3.1/../../../../arm-none-eabi/lib/thumb/v7e-m/fpv5/hard\libc_nano.a
LOAD c:/st/stm32cubeide_1.0.2/stm32cubeide/plugins/com.st.stm32cube.ide.mcu.externaltools.gnu-tools-for-stm32.7-2018-q2-update.win32_1.0.0.201904181610/tools/bin/../lib/gcc/arm-none-eabi/7.3.1/../../../../arm-none-eabi/lib/thumb/v7e-m/fpv5/hard\libnosys.a
END GROUP
LOAD c:/st/stm32cubeide_1.0.2/stm32cubeide/plugins/com.st.stm32cube.ide.mcu.externaltools.gnu-tools-for-stm32.7-2018-q2-update.win32_1.0.0.201904181610/tools/bin/../lib/gcc/arm-none-eabi/7.3.1/thumb/v7e-m/fpv5/hard/crtend.o
LOAD c:/st/stm32cubeide_1.0.2/stm32cubeide/plugins/com.st.stm32cube.ide.mcu.externaltools.gnu-tools-for-stm32.7-2018-q2-update.win32_1.0.0.201904181610/tools/bin/../lib/gcc/arm-none-eabi/7.3.1/thumb/v7e-m/fpv5/hard/crtn.o
                0x0000000024080000                _estack = 0x24080000
                0x0000000000000200                _Min_Heap_Size = 0x200
                0x0000000000000400                _Min_Stack_Size = 0x400

.isr_vector     0x0000000008000000      0x298
                0x0000000008000000                . = ALIGN (0x4)
 *(.isr_vector)
 .isr_vector    0x0000000008000000      0x298 Startup/startup_stm32h743zitx.o
                0x0000000008000000                g_pfnVectors
                0x0000000008000298                . = ALIGN (0x4)

.text           0x0000000008000298     0x95e8
                0x0000000008000298                . = ALIGN (0x4)
 *(.text)
 .text          0x0000000008000298       0x40 c:/st/stm32cubeide_1.0.2/stm32cubeide/plugins/com.st.stm32cube.ide.mcu.externaltools.gnu-tools-for-stm32.7-2018-q2-update.win32_1.0.0.201904181610/tools/bin/../lib/gcc/arm-none-eabi/7.3.1/thumb/v7e-m/fpv5/hard/crtbegin.o
 .text          0x00000000080002d8       0x30 c:/st/stm32cubeide_1.0.2/stm32cubeide/plugins/com.st.stm32cube.ide.mcu.externaltools.gnu-tools-for-stm32.7-2018-q2-update.win32_1.0.0.201904181610/tools/bin/../lib/gcc/arm-none-eabi/7.3.1/thumb/v7e-m/fpv5/hard\libgcc.a(_aeabi_uldivmod.o)
                0x00000000080002d8                __aeabi_uldivmod
 .text          0x0000000008000308      0x2cc c:/st/stm32cubeide_1.0.2/stm32cubeide/plugins/com.st.stm32cube.ide.mcu.externaltools.gnu-tools-for-stm32.7-2018-q2-update.win32_1.0.0.201904181610/tools/bin/../lib/gcc/arm-none-eabi/7.3.1/thumb/v7e-m/fpv5/hard\libgcc.a(_udivmoddi4.o)
                0x0000000008000308                __udivmoddi4
 .text          0x00000000080005d4        0x4 c:/st/stm32cubeide_1.0.2/stm32cubeide/plugins/com.st.stm32cube.ide.mcu.externaltools.gnu-tools-for-stm32.7-2018-q2-update.win32_1.0.0.201904181610/tools/bin/../lib/gcc/arm-none-eabi/7.3.1/thumb/v7e-m/fpv5/hard\libgcc.a(_dvmd_tls.o)
                0x00000000080005d4                __aeabi_idiv0
                0x00000000080005d4                __aeabi_ldiv0
 *(.text*)
 .text.HAL_Init
                0x00000000080005d8       0x70 Drivers/STM32H7xx_HAL_Driver/Src/stm32h7xx_hal.o
                0x00000000080005d8                HAL_Init
 .text.HAL_InitTick
                0x0000000008000648       0x6c Drivers/STM32H7xx_HAL_Driver/Src/stm32h7xx_hal.o
                0x0000000008000648                HAL_InitTick
 .text.HAL_IncTick
                0x00000000080006b4       0x28 Drivers/STM32H7xx_HAL_Driver/Src/stm32h7xx_hal.o
                0x00000000080006b4                HAL_IncTick
 .text.HAL_GetTick
                0x00000000080006dc       0x18 Drivers/STM32H7xx_HAL_Driver/Src/stm32h7xx_hal.o
                0x00000000080006dc                HAL_GetTick
 .text.HAL_Delay
                0x00000000080006f4       0x44 Drivers/STM32H7xx_HAL_Driver/Src/stm32h7xx_hal.o
                0x00000000080006f4                HAL_Delay
 .text.HAL_GetREVID
                0x0000000008000738       0x18 Drivers/STM32H7xx_HAL_Driver/Src/stm32h7xx_hal.o
                0x0000000008000738                HAL_GetREVID
 .text.HAL_SYSCFG_ETHInterfaceSelect
                0x0000000008000750       0x28 Drivers/STM32H7xx_HAL_Driver/Src/stm32h7xx_hal.o
                0x0000000008000750                HAL_SYSCFG_ETHInterfaceSelect
 .text.__NVIC_SetPriorityGrouping
                0x0000000008000778       0x48 Drivers/STM32H7xx_HAL_Driver/Src/stm32h7xx_hal_cortex.o
 .text.__NVIC_GetPriorityGrouping
                0x00000000080007c0       0x1c Drivers/STM32H7xx_HAL_Driver/Src/stm32h7xx_hal_cortex.o
 .text.__NVIC_EnableIRQ
                0x00000000080007dc       0x3c Drivers/STM32H7xx_HAL_Driver/Src/stm32h7xx_hal_cortex.o
 .text.__NVIC_SetPriority
                0x0000000008000818       0x54 Drivers/STM32H7xx_HAL_Driver/Src/stm32h7xx_hal_cortex.o
 .text.NVIC_EncodePriority
                0x000000000800086c       0x66 Drivers/STM32H7xx_HAL_Driver/Src/stm32h7xx_hal_cortex.o
 *fill*         0x00000000080008d2        0x2 
 .text.SysTick_Config
                0x00000000080008d4       0x44 Drivers/STM32H7xx_HAL_Driver/Src/stm32h7xx_hal_cortex.o
 .text.HAL_NVIC_SetPriorityGrouping
                0x0000000008000918       0x16 Drivers/STM32H7xx_HAL_Driver/Src/stm32h7xx_hal_cortex.o
                0x0000000008000918                HAL_NVIC_SetPriorityGrouping
 .text.HAL_NVIC_SetPriority
                0x000000000800092e       0x34 Drivers/STM32H7xx_HAL_Driver/Src/stm32h7xx_hal_cortex.o
                0x000000000800092e                HAL_NVIC_SetPriority
 .text.HAL_NVIC_EnableIRQ
                0x0000000008000962       0x1c Drivers/STM32H7xx_HAL_Driver/Src/stm32h7xx_hal_cortex.o
                0x0000000008000962                HAL_NVIC_EnableIRQ
 .text.HAL_SYSTICK_Config
                0x000000000800097e       0x18 Drivers/STM32H7xx_HAL_Driver/Src/stm32h7xx_hal_cortex.o
                0x000000000800097e                HAL_SYSTICK_Config
 *fill*         0x0000000008000996        0x2 
 .text.HAL_SYSTICK_CLKSourceConfig
                0x0000000008000998       0x38 Drivers/STM32H7xx_HAL_Driver/Src/stm32h7xx_hal_cortex.o
                0x0000000008000998                HAL_SYSTICK_CLKSourceConfig
 .text.HAL_ETH_Init
                0x00000000080009d0      0x1b4 Drivers/STM32H7xx_HAL_Driver/Src/stm32h7xx_hal_eth.o
                0x00000000080009d0                HAL_ETH_Init
 .text.ETH_SetMACConfig
                0x0000000008000b84      0x238 Drivers/STM32H7xx_HAL_Driver/Src/stm32h7xx_hal_eth.o
 .text.ETH_SetDMAConfig
                0x0000000008000dbc      0x10c Drivers/STM32H7xx_HAL_Driver/Src/stm32h7xx_hal_eth.o
 .text.ETH_MACDMAConfig
                0x0000000008000ec8      0x13a Drivers/STM32H7xx_HAL_Driver/Src/stm32h7xx_hal_eth.o
 *fill*         0x0000000008001002        0x2 
 .text.ETH_MAC_MDIO_ClkConfig
                0x0000000008001004       0xb0 Drivers/STM32H7xx_HAL_Driver/Src/stm32h7xx_hal_eth.o
 .text.ETH_DMATxDescListInit
                0x00000000080010b4       0x8e Drivers/STM32H7xx_HAL_Driver/Src/stm32h7xx_hal_eth.o
 .text.ETH_DMARxDescListInit
                0x0000000008001142       0xba Drivers/STM32H7xx_HAL_Driver/Src/stm32h7xx_hal_eth.o
 .text.HAL_GPIO_Init
                0x00000000080011fc      0x360 Drivers/STM32H7xx_HAL_Driver/Src/stm32h7xx_hal_gpio.o
                0x00000000080011fc                HAL_GPIO_Init
 .text.HAL_GPIO_WritePin
                0x000000000800155c       0x32 Drivers/STM32H7xx_HAL_Driver/Src/stm32h7xx_hal_gpio.o
                0x000000000800155c                HAL_GPIO_WritePin
 .text.HAL_PCD_Init
                0x000000000800158e      0x248 Drivers/STM32H7xx_HAL_Driver/Src/stm32h7xx_hal_pcd.o
                0x000000000800158e                HAL_PCD_Init
 *fill*         0x00000000080017d6        0x2 
 .text.HAL_PCDEx_ActivateLPM
                0x00000000080017d8       0x48 Drivers/STM32H7xx_HAL_Driver/Src/stm32h7xx_hal_pcd_ex.o
                0x00000000080017d8                HAL_PCDEx_ActivateLPM
 .text.HAL_PWREx_ConfigSupply
                0x0000000008001820       0x70 Drivers/STM32H7xx_HAL_Driver/Src/stm32h7xx_hal_pwr_ex.o
                0x0000000008001820                HAL_PWREx_ConfigSupply
 .text.HAL_PWREx_EnableUSBVoltageDetector
                0x0000000008001890       0x20 Drivers/STM32H7xx_HAL_Driver/Src/stm32h7xx_hal_pwr_ex.o
                0x0000000008001890                HAL_PWREx_EnableUSBVoltageDetector
 .text.HAL_RCC_OscConfig
                0x00000000080018b0      0x770 Drivers/STM32H7xx_HAL_Driver/Src/stm32h7xx_hal_rcc.o
                0x00000000080018b0                HAL_RCC_OscConfig
 .text.HAL_RCC_ClockConfig
                0x0000000008002020      0x348 Drivers/STM32H7xx_HAL_Driver/Src/stm32h7xx_hal_rcc.o
                0x0000000008002020                HAL_RCC_ClockConfig
 .text.HAL_RCC_GetSysClockFreq
                0x0000000008002368      0x2e4 Drivers/STM32H7xx_HAL_Driver/Src/stm32h7xx_hal_rcc.o
                0x0000000008002368                HAL_RCC_GetSysClockFreq
 .text.HAL_RCC_GetHCLKFreq
                0x000000000800264c       0x38 Drivers/STM32H7xx_HAL_Driver/Src/stm32h7xx_hal_rcc.o
                0x000000000800264c                HAL_RCC_GetHCLKFreq
 .text.HAL_RCC_GetPCLK1Freq
                0x0000000008002684       0x2c Drivers/STM32H7xx_HAL_Driver/Src/stm32h7xx_hal_rcc.o
                0x0000000008002684                HAL_RCC_GetPCLK1Freq
 .text.HAL_RCC_GetPCLK2Freq
                0x00000000080026b0       0x2c Drivers/STM32H7xx_HAL_Driver/Src/stm32h7xx_hal_rcc.o
                0x00000000080026b0                HAL_RCC_GetPCLK2Freq
 .text.HAL_RCCEx_PeriphCLKConfig
                0x00000000080026dc      0xde0 Drivers/STM32H7xx_HAL_Driver/Src/stm32h7xx_hal_rcc_ex.o
                0x00000000080026dc                HAL_RCCEx_PeriphCLKConfig
 .text.HAL_RCCEx_GetD3PCLK1Freq
                0x00000000080034bc       0x2c Drivers/STM32H7xx_HAL_Driver/Src/stm32h7xx_hal_rcc_ex.o
                0x00000000080034bc                HAL_RCCEx_GetD3PCLK1Freq
 .text.HAL_RCCEx_GetPLL2ClockFreq
                0x00000000080034e8      0x298 Drivers/STM32H7xx_HAL_Driver/Src/stm32h7xx_hal_rcc_ex.o
                0x00000000080034e8                HAL_RCCEx_GetPLL2ClockFreq
 .text.HAL_RCCEx_GetPLL3ClockFreq
                0x0000000008003780      0x298 Drivers/STM32H7xx_HAL_Driver/Src/stm32h7xx_hal_rcc_ex.o
                0x0000000008003780                HAL_RCCEx_GetPLL3ClockFreq
 .text.HAL_RCCEx_GetD1SysClockFreq
                0x0000000008003a18       0x38 Drivers/STM32H7xx_HAL_Driver/Src/stm32h7xx_hal_rcc_ex.o
                0x0000000008003a18                HAL_RCCEx_GetD1SysClockFreq
 .text.RCCEx_PLL2_Config
                0x0000000008003a50      0x164 Drivers/STM32H7xx_HAL_Driver/Src/stm32h7xx_hal_rcc_ex.o
 .text.RCCEx_PLL3_Config
                0x0000000008003bb4      0x164 Drivers/STM32H7xx_HAL_Driver/Src/stm32h7xx_hal_rcc_ex.o
 .text.HAL_TIM_Base_Init
                0x0000000008003d18       0x56 Drivers/STM32H7xx_HAL_Driver/Src/stm32h7xx_hal_tim.o
                0x0000000008003d18                HAL_TIM_Base_Init
 *fill*         0x0000000008003d6e        0x2 
 .text.HAL_TIM_Base_Start_IT
                0x0000000008003d70       0x54 Drivers/STM32H7xx_HAL_Driver/Src/stm32h7xx_hal_tim.o
                0x0000000008003d70                HAL_TIM_Base_Start_IT
 .text.HAL_TIM_PWM_Init
                0x0000000008003dc4       0x56 Drivers/STM32H7xx_HAL_Driver/Src/stm32h7xx_hal_tim.o
                0x0000000008003dc4                HAL_TIM_PWM_Init
 .text.HAL_TIM_PWM_MspInit
                0x0000000008003e1a       0x14 Drivers/STM32H7xx_HAL_Driver/Src/stm32h7xx_hal_tim.o
                0x0000000008003e1a                HAL_TIM_PWM_MspInit
 *fill*         0x0000000008003e2e        0x2 
 .text.HAL_TIM_PWM_Start
                0x0000000008003e30       0xb0 Drivers/STM32H7xx_HAL_Driver/Src/stm32h7xx_hal_tim.o
                0x0000000008003e30                HAL_TIM_PWM_Start
 .text.HAL_TIM_IC_Init
                0x0000000008003ee0       0x56 Drivers/STM32H7xx_HAL_Driver/Src/stm32h7xx_hal_tim.o
                0x0000000008003ee0                HAL_TIM_IC_Init
 .text.HAL_TIM_IC_MspInit
                0x0000000008003f36       0x14 Drivers/STM32H7xx_HAL_Driver/Src/stm32h7xx_hal_tim.o
                0x0000000008003f36                HAL_TIM_IC_MspInit
 *fill*         0x0000000008003f4a        0x2 
 .text.HAL_TIM_IC_Start_IT
                0x0000000008003f4c       0xdc Drivers/STM32H7xx_HAL_Driver/Src/stm32h7xx_hal_tim.o
                0x0000000008003f4c                HAL_TIM_IC_Start_IT
 .text.HAL_TIM_IRQHandler
                0x0000000008004028      0x23e Drivers/STM32H7xx_HAL_Driver/Src/stm32h7xx_hal_tim.o
                0x0000000008004028                HAL_TIM_IRQHandler
 .text.HAL_TIM_IC_ConfigChannel
                0x0000000008004266      0x138 Drivers/STM32H7xx_HAL_Driver/Src/stm32h7xx_hal_tim.o
                0x0000000008004266                HAL_TIM_IC_ConfigChannel
 *fill*         0x000000000800439e        0x2 
 .text.HAL_TIM_PWM_ConfigChannel
                0x00000000080043a0      0x230 Drivers/STM32H7xx_HAL_Driver/Src/stm32h7xx_hal_tim.o
                0x00000000080043a0                HAL_TIM_PWM_ConfigChannel
 .text.HAL_TIM_ConfigClockSource
                0x00000000080045d0      0x1a0 Drivers/STM32H7xx_HAL_Driver/Src/stm32h7xx_hal_tim.o
                0x00000000080045d0                HAL_TIM_ConfigClockSource
 .text.HAL_TIM_SlaveConfigSynchro
                0x0000000008004770       0x84 Drivers/STM32H7xx_HAL_Driver/Src/stm32h7xx_hal_tim.o
                0x0000000008004770                HAL_TIM_SlaveConfigSynchro
 .text.HAL_TIM_ReadCapturedValue
                0x00000000080047f4       0x88 Drivers/STM32H7xx_HAL_Driver/Src/stm32h7xx_hal_tim.o
                0x00000000080047f4                HAL_TIM_ReadCapturedValue
 .text.HAL_TIM_OC_DelayElapsedCallback
                0x000000000800487c       0x14 Drivers/STM32H7xx_HAL_Driver/Src/stm32h7xx_hal_tim.o
                0x000000000800487c                HAL_TIM_OC_DelayElapsedCallback
 .text.HAL_TIM_PWM_PulseFinishedCallback
                0x0000000008004890       0x14 Drivers/STM32H7xx_HAL_Driver/Src/stm32h7xx_hal_tim.o
                0x0000000008004890                HAL_TIM_PWM_PulseFinishedCallback
 .text.HAL_TIM_TriggerCallback
                0x00000000080048a4       0x14 Drivers/STM32H7xx_HAL_Driver/Src/stm32h7xx_hal_tim.o
                0x00000000080048a4                HAL_TIM_TriggerCallback
 .text.TIM_Base_SetConfig
                0x00000000080048b8      0x134 Drivers/STM32H7xx_HAL_Driver/Src/stm32h7xx_hal_tim.o
                0x00000000080048b8                TIM_Base_SetConfig
 .text.TIM_OC1_SetConfig
                0x00000000080049ec      0x120 Drivers/STM32H7xx_HAL_Driver/Src/stm32h7xx_hal_tim.o
 .text.TIM_OC2_SetConfig
                0x0000000008004b0c      0x114 Drivers/STM32H7xx_HAL_Driver/Src/stm32h7xx_hal_tim.o
                0x0000000008004b0c                TIM_OC2_SetConfig
 .text.TIM_OC3_SetConfig
                0x0000000008004c20      0x10c Drivers/STM32H7xx_HAL_Driver/Src/stm32h7xx_hal_tim.o
 .text.TIM_OC4_SetConfig
                0x0000000008004d2c       0xd0 Drivers/STM32H7xx_HAL_Driver/Src/stm32h7xx_hal_tim.o
 .text.TIM_OC5_SetConfig
                0x0000000008004dfc       0xc4 Drivers/STM32H7xx_HAL_Driver/Src/stm32h7xx_hal_tim.o
 .text.TIM_OC6_SetConfig
                0x0000000008004ec0       0xc8 Drivers/STM32H7xx_HAL_Driver/Src/stm32h7xx_hal_tim.o
 .text.TIM_SlaveTimer_SetConfig
                0x0000000008004f88      0x148 Drivers/STM32H7xx_HAL_Driver/Src/stm32h7xx_hal_tim.o
 .text.TIM_TI1_SetConfig
                0x00000000080050d0       0xe8 Drivers/STM32H7xx_HAL_Driver/Src/stm32h7xx_hal_tim.o
                0x00000000080050d0                TIM_TI1_SetConfig
 .text.TIM_TI1_ConfigInputStage
                0x00000000080051b8       0x5e Drivers/STM32H7xx_HAL_Driver/Src/stm32h7xx_hal_tim.o
 .text.TIM_TI2_SetConfig
                0x0000000008005216       0x7a Drivers/STM32H7xx_HAL_Driver/Src/stm32h7xx_hal_tim.o
 .text.TIM_TI2_ConfigInputStage
                0x0000000008005290       0x60 Drivers/STM32H7xx_HAL_Driver/Src/stm32h7xx_hal_tim.o
 .text.TIM_TI3_SetConfig
                0x00000000080052f0       0x78 Drivers/STM32H7xx_HAL_Driver/Src/stm32h7xx_hal_tim.o
 .text.TIM_TI4_SetConfig
                0x0000000008005368       0x7a Drivers/STM32H7xx_HAL_Driver/Src/stm32h7xx_hal_tim.o
 *fill*         0x00000000080053e2        0x2 
 .text.TIM_ITRx_SetConfig
                0x00000000080053e4       0x3c Drivers/STM32H7xx_HAL_Driver/Src/stm32h7xx_hal_tim.o
 .text.TIM_ETR_SetConfig
                0x0000000008005420       0x40 Drivers/STM32H7xx_HAL_Driver/Src/stm32h7xx_hal_tim.o
                0x0000000008005420                TIM_ETR_SetConfig
 .text.TIM_CCxChannelCmd
                0x0000000008005460       0x4a Drivers/STM32H7xx_HAL_Driver/Src/stm32h7xx_hal_tim.o
                0x0000000008005460                TIM_CCxChannelCmd
 *fill*         0x00000000080054aa        0x2 
 .text.HAL_TIMEx_MasterConfigSynchronization
                0x00000000080054ac       0xb8 Drivers/STM32H7xx_HAL_Driver/Src/stm32h7xx_hal_tim_ex.o
                0x00000000080054ac                HAL_TIMEx_MasterConfigSynchronization
 .text.HAL_TIMEx_CommutCallback
                0x0000000008005564       0x14 Drivers/STM32H7xx_HAL_Driver/Src/stm32h7xx_hal_tim_ex.o
                0x0000000008005564                HAL_TIMEx_CommutCallback
 .text.HAL_TIMEx_BreakCallback
                0x0000000008005578       0x14 Drivers/STM32H7xx_HAL_Driver/Src/stm32h7xx_hal_tim_ex.o
                0x0000000008005578                HAL_TIMEx_BreakCallback
 .text.HAL_TIMEx_Break2Callback
                0x000000000800558c       0x14 Drivers/STM32H7xx_HAL_Driver/Src/stm32h7xx_hal_tim_ex.o
                0x000000000800558c                HAL_TIMEx_Break2Callback
 .text.HAL_UART_Init
                0x00000000080055a0       0xa0 Drivers/STM32H7xx_HAL_Driver/Src/stm32h7xx_hal_uart.o
                0x00000000080055a0                HAL_UART_Init
 .text.UART_SetConfig
                0x0000000008005640     0x22fc Drivers/STM32H7xx_HAL_Driver/Src/stm32h7xx_hal_uart.o
                0x0000000008005640                UART_SetConfig
 .text.UART_AdvFeatureConfig
                0x000000000800793c      0x144 Drivers/STM32H7xx_HAL_Driver/Src/stm32h7xx_hal_uart.o
                0x000000000800793c                UART_AdvFeatureConfig
 .text.UART_CheckIdleState
                0x0000000008007a80       0x90 Drivers/STM32H7xx_HAL_Driver/Src/stm32h7xx_hal_uart.o
                0x0000000008007a80                UART_CheckIdleState
 .text.UART_WaitOnFlagUntilTimeout
                0x0000000008007b10      0x100 Drivers/STM32H7xx_HAL_Driver/Src/stm32h7xx_hal_uart.o
                0x0000000008007b10                UART_WaitOnFlagUntilTimeout
 .text.HAL_UARTEx_DisableFifoMode
                0x0000000008007c10       0x72 Drivers/STM32H7xx_HAL_Driver/Src/stm32h7xx_hal_uart_ex.o
                0x0000000008007c10                HAL_UARTEx_DisableFifoMode
 .text.HAL_UARTEx_SetTxFifoThreshold
                0x0000000008007c82       0x7c Drivers/STM32H7xx_HAL_Driver/Src/stm32h7xx_hal_uart_ex.o
                0x0000000008007c82                HAL_UARTEx_SetTxFifoThreshold
 .text.HAL_UARTEx_SetRxFifoThreshold
                0x0000000008007cfe       0x7c Drivers/STM32H7xx_HAL_Driver/Src/stm32h7xx_hal_uart_ex.o
                0x0000000008007cfe                HAL_UARTEx_SetRxFifoThreshold
 *fill*         0x0000000008007d7a        0x2 
 .text.UARTEx_SetNbDataToProcess
                0x0000000008007d7c       0xd0 Drivers/STM32H7xx_HAL_Driver/Src/stm32h7xx_hal_uart_ex.o
 .text.USB_CoreInit
                0x0000000008007e4c       0xc4 Drivers/STM32H7xx_HAL_Driver/Src/stm32h7xx_ll_usb.o
                0x0000000008007e4c                USB_CoreInit
 .text.USB_DisableGlobalInt
                0x0000000008007f10       0x22 Drivers/STM32H7xx_HAL_Driver/Src/stm32h7xx_ll_usb.o
                0x0000000008007f10                USB_DisableGlobalInt
 .text.USB_SetCurrentMode
                0x0000000008007f32       0x54 Drivers/STM32H7xx_HAL_Driver/Src/stm32h7xx_ll_usb.o
                0x0000000008007f32                USB_SetCurrentMode
 *fill*         0x0000000008007f86        0x2 
 .text.USB_DevInit
                0x0000000008007f88      0x2d8 Drivers/STM32H7xx_HAL_Driver/Src/stm32h7xx_ll_usb.o
                0x0000000008007f88                USB_DevInit
 .text.USB_FlushTxFifo
                0x0000000008008260       0x4c Drivers/STM32H7xx_HAL_Driver/Src/stm32h7xx_ll_usb.o
                0x0000000008008260                USB_FlushTxFifo
 .text.USB_FlushRxFifo
                0x00000000080082ac       0x44 Drivers/STM32H7xx_HAL_Driver/Src/stm32h7xx_ll_usb.o
                0x00000000080082ac                USB_FlushRxFifo
 .text.USB_SetDevSpeed
                0x00000000080082f0       0x32 Drivers/STM32H7xx_HAL_Driver/Src/stm32h7xx_ll_usb.o
                0x00000000080082f0                USB_SetDevSpeed
 .text.USB_DevDisconnect
                0x0000000008008322       0x30 Drivers/STM32H7xx_HAL_Driver/Src/stm32h7xx_ll_usb.o
                0x0000000008008322                USB_DevDisconnect
 *fill*         0x0000000008008352        0x2 
 .text.USB_CoreReset
                0x0000000008008354       0x68 Drivers/STM32H7xx_HAL_Driver/Src/stm32h7xx_ll_usb.o
 .text.delay_init
                0x00000000080083bc       0x48 Src/delay.o
                0x00000000080083bc                delay_init
 .text.delay_ms
                0x0000000008008404       0x6c Src/delay.o
                0x0000000008008404                delay_ms
 .text.main     0x0000000008008470       0x84 Src/main.o
                0x0000000008008470                main
 .text.SystemClock_Config
                0x00000000080084f4      0x174 Src/main.o
                0x00000000080084f4                SystemClock_Config
 .text.MX_ETH_Init
                0x0000000008008668       0x90 Src/main.o
 .text.MX_TIM3_Init
                0x00000000080086f8      0x138 Src/main.o
 .text.MX_TIM12_Init
                0x0000000008008830       0xc4 Src/main.o
 .text.MX_TIM13_Init
                0x00000000080088f4       0x48 Src/main.o
 .text.MX_USART3_UART_Init
                0x000000000800893c       0x98 Src/main.o
 .text.MX_USB_OTG_FS_PCD_Init
                0x00000000080089d4       0x64 Src/main.o
 .text.MX_GPIO_Init
                0x0000000008008a38      0x258 Src/main.o
 .text.TIM_SetTIM12Changefrequency2
                0x0000000008008c90       0x28 Src/main.o
                0x0000000008008c90                TIM_SetTIM12Changefrequency2
 .text.HAL_TIM_IC_CaptureCallback
                0x0000000008008cb8       0x8c Src/main.o
                0x0000000008008cb8                HAL_TIM_IC_CaptureCallback
 .text.HAL_TIM_PeriodElapsedCallback
                0x0000000008008d44       0x34 Src/main.o
                0x0000000008008d44                HAL_TIM_PeriodElapsedCallback
 .text.Error_Handler
                0x0000000008008d78        0xe Src/main.o
                0x0000000008008d78                Error_Handler
 *fill*         0x0000000008008d86        0x2 
 .text.OLED_WR_Byte
                0x0000000008008d88       0xbc Src/oled.o
                0x0000000008008d88                OLED_WR_Byte
 .text.OLED_Set_Pos
                0x0000000008008e44       0x54 Src/oled.o
                0x0000000008008e44                OLED_Set_Pos
 .text.OLED_Clear
                0x0000000008008e98       0x5a Src/oled.o
                0x0000000008008e98                OLED_Clear
 *fill*         0x0000000008008ef2        0x2 
 .text.OLED_ShowChar
                0x0000000008008ef4       0xa8 Src/oled.o
                0x0000000008008ef4                OLED_ShowChar
 .text.oled_pow
                0x0000000008008f9c       0x38 Src/oled.o
                0x0000000008008f9c                oled_pow
 .text.OLED_ShowNum
                0x0000000008008fd4       0xc8 Src/oled.o
                0x0000000008008fd4                OLED_ShowNum
 .text.OLED_Init
                0x000000000800909c      0x12c Src/oled.o
                0x000000000800909c                OLED_Init
 .text.HAL_MspInit
                0x00000000080091c8       0x34 Src/stm32h7xx_hal_msp.o
                0x00000000080091c8                HAL_MspInit
 .text.HAL_ETH_MspInit
                0x00000000080091fc      0x19c Src/stm32h7xx_hal_msp.o
                0x00000000080091fc                HAL_ETH_MspInit
 .text.HAL_TIM_Base_MspInit
                0x0000000008009398      0x110 Src/stm32h7xx_hal_msp.o
                0x0000000008009398                HAL_TIM_Base_MspInit
 .text.HAL_TIM_MspPostInit
                0x00000000080094a8       0x78 Src/stm32h7xx_hal_msp.o
                0x00000000080094a8                HAL_TIM_MspPostInit
 .text.HAL_UART_MspInit
                0x0000000008009520       0x94 Src/stm32h7xx_hal_msp.o
                0x0000000008009520                HAL_UART_MspInit
 .text.HAL_PCD_MspInit
                0x00000000080095b4       0xb0 Src/stm32h7xx_hal_msp.o
                0x00000000080095b4                HAL_PCD_MspInit
 .text.NMI_Handler
                0x0000000008009664        0xe Src/stm32h7xx_it.o
                0x0000000008009664                NMI_Handler
 .text.HardFault_Handler
                0x0000000008009672        0x6 Src/stm32h7xx_it.o
                0x0000000008009672                HardFault_Handler
 .text.MemManage_Handler
                0x0000000008009678        0x6 Src/stm32h7xx_it.o
                0x0000000008009678                MemManage_Handler
 .text.BusFault_Handler
                0x000000000800967e        0x6 Src/stm32h7xx_it.o
                0x000000000800967e                BusFault_Handler
 .text.UsageFault_Handler
                0x0000000008009684        0x6 Src/stm32h7xx_it.o
                0x0000000008009684                UsageFault_Handler
 .text.SVC_Handler
                0x000000000800968a        0xe Src/stm32h7xx_it.o
                0x000000000800968a                SVC_Handler
 .text.DebugMon_Handler
                0x0000000008009698        0xe Src/stm32h7xx_it.o
                0x0000000008009698                DebugMon_Handler
 .text.PendSV_Handler
                0x00000000080096a6        0xe Src/stm32h7xx_it.o
                0x00000000080096a6                PendSV_Handler
 .text.SysTick_Handler
                0x00000000080096b4        0xc Src/stm32h7xx_it.o
                0x00000000080096b4                SysTick_Handler
 .text.TIM3_IRQHandler
                0x00000000080096c0       0x14 Src/stm32h7xx_it.o
                0x00000000080096c0                TIM3_IRQHandler
 .text.TIM8_UP_TIM13_IRQHandler
                0x00000000080096d4       0x14 Src/stm32h7xx_it.o
                0x00000000080096d4                TIM8_UP_TIM13_IRQHandler
 .text.NVIC_Configuration
                0x00000000080096e8        0xe Src/sys.o
                0x00000000080096e8                NVIC_Configuration
 *fill*         0x00000000080096f6        0x2 
 .text.SystemInit
                0x00000000080096f8       0xc4 Src/system_stm32h7xx.o
                0x00000000080096f8                SystemInit
 .text.Reset_Handler
                0x00000000080097bc       0x50 Startup/startup_stm32h743zitx.o
                0x00000000080097bc                Reset_Handler
 .text.Default_Handler
                0x000000000800980c        0x2 Startup/startup_stm32h743zitx.o
                0x000000000800980c                RTC_Alarm_IRQHandler
                0x000000000800980c                EXTI2_IRQHandler
                0x000000000800980c                TIM8_CC_IRQHandler
                0x000000000800980c                HRTIM1_Master_IRQHandler
                0x000000000800980c                UART8_IRQHandler
                0x000000000800980c                SPI4_IRQHandler
                0x000000000800980c                TIM1_CC_IRQHandler
                0x000000000800980c                BDMA_Channel6_IRQHandler
                0x000000000800980c                DMA2_Stream5_IRQHandler
                0x000000000800980c                HRTIM1_FLT_IRQHandler
                0x000000000800980c                JPEG_IRQHandler
                0x000000000800980c                DMA1_Stream5_IRQHandler
                0x000000000800980c                BDMA_Channel1_IRQHandler
                0x000000000800980c                HRTIM1_TIMD_IRQHandler
                0x000000000800980c                TAMP_STAMP_IRQHandler
                0x000000000800980c                EXTI3_IRQHandler
                0x000000000800980c                LPTIM4_IRQHandler
                0x000000000800980c                TIM8_TRG_COM_TIM14_IRQHandler
                0x000000000800980c                LPTIM2_IRQHandler
                0x000000000800980c                DFSDM1_FLT1_IRQHandler
                0x000000000800980c                DMAMUX2_OVR_IRQHandler
                0x000000000800980c                I2C3_ER_IRQHandler
                0x000000000800980c                DFSDM1_FLT2_IRQHandler
                0x000000000800980c                MDMA_IRQHandler
                0x000000000800980c                LPTIM3_IRQHandler
                0x000000000800980c                HSEM1_IRQHandler
                0x000000000800980c                EXTI0_IRQHandler
                0x000000000800980c                I2C2_EV_IRQHandler
                0x000000000800980c                DMA1_Stream2_IRQHandler
                0x000000000800980c                FPU_IRQHandler
                0x000000000800980c                OTG_HS_WKUP_IRQHandler
                0x000000000800980c                FDCAN1_IT1_IRQHandler
                0x000000000800980c                LTDC_ER_IRQHandler
                0x000000000800980c                DMA2_Stream2_IRQHandler
                0x000000000800980c                HRTIM1_TIME_IRQHandler
                0x000000000800980c                SPI1_IRQHandler
                0x000000000800980c                TIM6_DAC_IRQHandler
                0x000000000800980c                DCMI_IRQHandler
                0x000000000800980c                HRTIM1_TIMC_IRQHandler
                0x000000000800980c                DMA2_Stream3_IRQHandler
                0x000000000800980c                SAI2_IRQHandler
                0x000000000800980c                DFSDM1_FLT3_IRQHandler
                0x000000000800980c                USART6_IRQHandler
                0x000000000800980c                TIM17_IRQHandler
                0x000000000800980c                USART3_IRQHandler
                0x000000000800980c                BDMA_Channel7_IRQHandler
                0x000000000800980c                LPTIM5_IRQHandler
                0x000000000800980c                UART5_IRQHandler
                0x000000000800980c                ADC3_IRQHandler
                0x000000000800980c                DMA2_Stream0_IRQHandler
                0x000000000800980c                TIM4_IRQHandler
                0x000000000800980c                BDMA_Channel2_IRQHandler
                0x000000000800980c                QUADSPI_IRQHandler
                0x000000000800980c                I2C1_EV_IRQHandler
                0x000000000800980c                DMA1_Stream6_IRQHandler
                0x000000000800980c                DMAMUX1_OVR_IRQHandler
                0x000000000800980c                DMA1_Stream1_IRQHandler
                0x000000000800980c                TIM16_IRQHandler
                0x000000000800980c                UART4_IRQHandler
                0x000000000800980c                BDMA_Channel5_IRQHandler
                0x000000000800980c                RCC_IRQHandler
                0x000000000800980c                TIM8_BRK_TIM12_IRQHandler
                0x000000000800980c                TIM1_TRG_COM_IRQHandler
                0x000000000800980c                Default_Handler
                0x000000000800980c                ECC_IRQHandler
                0x000000000800980c                CEC_IRQHandler
                0x000000000800980c                EXTI15_10_IRQHandler
                0x000000000800980c                BDMA_Channel0_IRQHandler
                0x000000000800980c                ADC_IRQHandler
                0x000000000800980c                DMA1_Stream7_IRQHandler
                0x000000000800980c                HRTIM1_TIMA_IRQHandler
                0x000000000800980c                SPI5_IRQHandler
                0x000000000800980c                TIM7_IRQHandler
                0x000000000800980c                SDMMC1_IRQHandler
                0x000000000800980c                TIM5_IRQHandler
                0x000000000800980c                DMA2_Stream7_IRQHandler
                0x000000000800980c                TIM15_IRQHandler
                0x000000000800980c                PVD_AVD_IRQHandler
                0x000000000800980c                I2C3_EV_IRQHandler
                0x000000000800980c                EXTI9_5_IRQHandler
                0x000000000800980c                RTC_WKUP_IRQHandler
                0x000000000800980c                LTDC_IRQHandler
                0x000000000800980c                SAI3_IRQHandler
                0x000000000800980c                ETH_WKUP_IRQHandler
                0x000000000800980c                SPDIF_RX_IRQHandler
                0x000000000800980c                SPI2_IRQHandler
                0x000000000800980c                OTG_HS_EP1_IN_IRQHandler
                0x000000000800980c                DMA1_Stream0_IRQHandler
                0x000000000800980c                CRS_IRQHandler
                0x000000000800980c                EXTI4_IRQHandler
                0x000000000800980c                RNG_IRQHandler
                0x000000000800980c                HRTIM1_TIMB_IRQHandler
                0x000000000800980c                FDCAN2_IT1_IRQHandler
                0x000000000800980c                ETH_IRQHandler
                0x000000000800980c                TIM1_UP_IRQHandler
                0x000000000800980c                BDMA_Channel4_IRQHandler
                0x000000000800980c                OTG_HS_EP1_OUT_IRQHandler
                0x000000000800980c                WWDG_IRQHandler
                0x000000000800980c                SPI6_IRQHandler
                0x000000000800980c                MDIOS_IRQHandler
                0x000000000800980c                I2C4_EV_IRQHandler
                0x000000000800980c                FDCAN2_IT0_IRQHandler
                0x000000000800980c                LPUART1_IRQHandler
                0x000000000800980c                FDCAN1_IT0_IRQHandler
                0x000000000800980c                TIM2_IRQHandler
                0x000000000800980c                OTG_FS_WKUP_IRQHandler
                0x000000000800980c                OTG_HS_IRQHandler
                0x000000000800980c                DMA2D_IRQHandler
                0x000000000800980c                TIM1_BRK_IRQHandler
                0x000000000800980c                EXTI1_IRQHandler
                0x000000000800980c                SDMMC2_IRQHandler
                0x000000000800980c                OTG_FS_EP1_OUT_IRQHandler
                0x000000000800980c                BDMA_Channel3_IRQHandler
                0x000000000800980c                UART7_IRQHandler
                0x000000000800980c                MDIOS_WKUP_IRQHandler
                0x000000000800980c                USART2_IRQHandler
                0x000000000800980c                DFSDM1_FLT0_IRQHandler
                0x000000000800980c                SAI4_IRQHandler
                0x000000000800980c                I2C2_ER_IRQHandler
                0x000000000800980c                DMA2_Stream1_IRQHandler
                0x000000000800980c                FLASH_IRQHandler
                0x000000000800980c                DMA2_Stream4_IRQHandler
                0x000000000800980c                USART1_IRQHandler
                0x000000000800980c                OTG_FS_IRQHandler
                0x000000000800980c                SPI3_IRQHandler
                0x000000000800980c                WAKEUP_PIN_IRQHandler
                0x000000000800980c                DMA1_Stream4_IRQHandler
                0x000000000800980c                OTG_FS_EP1_IN_IRQHandler
                0x000000000800980c                I2C1_ER_IRQHandler
                0x000000000800980c                FMC_IRQHandler
                0x000000000800980c                FDCAN_CAL_IRQHandler
                0x000000000800980c                SWPMI1_IRQHandler
                0x000000000800980c                COMP1_IRQHandler
                0x000000000800980c                LPTIM1_IRQHandler
                0x000000000800980c                I2C4_ER_IRQHandler
                0x000000000800980c                DMA2_Stream6_IRQHandler
                0x000000000800980c                SAI1_IRQHandler
                0x000000000800980c                DMA1_Stream3_IRQHandler
 *fill*         0x000000000800980e        0x2 
 .text.__libc_init_array
                0x0000000008009810       0x48 c:/st/stm32cubeide_1.0.2/stm32cubeide/plugins/com.st.stm32cube.ide.mcu.externaltools.gnu-tools-for-stm32.7-2018-q2-update.win32_1.0.0.201904181610/tools/bin/../lib/gcc/arm-none-eabi/7.3.1/../../../../arm-none-eabi/lib/thumb/v7e-m/fpv5/hard\libc_nano.a(lib_a-init.o)
                0x0000000008009810                __libc_init_array
 .text.memset   0x0000000008009858       0x10 c:/st/stm32cubeide_1.0.2/stm32cubeide/plugins/com.st.stm32cube.ide.mcu.externaltools.gnu-tools-for-stm32.7-2018-q2-update.win32_1.0.0.201904181610/tools/bin/../lib/gcc/arm-none-eabi/7.3.1/../../../../arm-none-eabi/lib/thumb/v7e-m/fpv5/hard\libc_nano.a(lib_a-memset.o)
                0x0000000008009858                memset
 *(.glue_7)
 .glue_7        0x0000000008009868        0x0 linker stubs
 *(.glue_7t)
 .glue_7t       0x0000000008009868        0x0 linker stubs
 *(.eh_frame)
 .eh_frame      0x0000000008009868        0x0 c:/st/stm32cubeide_1.0.2/stm32cubeide/plugins/com.st.stm32cube.ide.mcu.externaltools.gnu-tools-for-stm32.7-2018-q2-update.win32_1.0.0.201904181610/tools/bin/../lib/gcc/arm-none-eabi/7.3.1/thumb/v7e-m/fpv5/hard/crtbegin.o
 *(.init)
 .init          0x0000000008009868        0x4 c:/st/stm32cubeide_1.0.2/stm32cubeide/plugins/com.st.stm32cube.ide.mcu.externaltools.gnu-tools-for-stm32.7-2018-q2-update.win32_1.0.0.201904181610/tools/bin/../lib/gcc/arm-none-eabi/7.3.1/thumb/v7e-m/fpv5/hard/crti.o
                0x0000000008009868                _init
 .init          0x000000000800986c        0x8 c:/st/stm32cubeide_1.0.2/stm32cubeide/plugins/com.st.stm32cube.ide.mcu.externaltools.gnu-tools-for-stm32.7-2018-q2-update.win32_1.0.0.201904181610/tools/bin/../lib/gcc/arm-none-eabi/7.3.1/thumb/v7e-m/fpv5/hard/crtn.o
 *(.fini)
 .fini          0x0000000008009874        0x4 c:/st/stm32cubeide_1.0.2/stm32cubeide/plugins/com.st.stm32cube.ide.mcu.externaltools.gnu-tools-for-stm32.7-2018-q2-update.win32_1.0.0.201904181610/tools/bin/../lib/gcc/arm-none-eabi/7.3.1/thumb/v7e-m/fpv5/hard/crti.o
                0x0000000008009874                _fini
 .fini          0x0000000008009878        0x8 c:/st/stm32cubeide_1.0.2/stm32cubeide/plugins/com.st.stm32cube.ide.mcu.externaltools.gnu-tools-for-stm32.7-2018-q2-update.win32_1.0.0.201904181610/tools/bin/../lib/gcc/arm-none-eabi/7.3.1/thumb/v7e-m/fpv5/hard/crtn.o
                0x0000000008009880                . = ALIGN (0x4)
                0x0000000008009880                _etext = .

.vfp11_veneer   0x0000000008009880        0x0
 .vfp11_veneer  0x0000000008009880        0x0 linker stubs

.v4_bx          0x0000000008009880        0x0
 .v4_bx         0x0000000008009880        0x0 linker stubs

.iplt           0x0000000008009880        0x0
 .iplt          0x0000000008009880        0x0 c:/st/stm32cubeide_1.0.2/stm32cubeide/plugins/com.st.stm32cube.ide.mcu.externaltools.gnu-tools-for-stm32.7-2018-q2-update.win32_1.0.0.201904181610/tools/bin/../lib/gcc/arm-none-eabi/7.3.1/thumb/v7e-m/fpv5/hard/crtbegin.o

.rodata         0x0000000008009880      0x610
                0x0000000008009880                . = ALIGN (0x4)
 *(.rodata)
 .rodata        0x0000000008009880       0x10 Drivers/STM32H7xx_HAL_Driver/Src/stm32h7xx_hal_uart_ex.o
 *(.rodata*)
 .rodata.F8X16  0x0000000008009890      0x5f0 Src/oled.o
                0x0000000008009890                F8X16
 .rodata.D1CorePrescTable
                0x0000000008009e80       0x10 Src/system_stm32h7xx.o
                0x0000000008009e80                D1CorePrescTable
                0x0000000008009e90                . = ALIGN (0x4)

.ARM.extab      0x0000000008009e90        0x0
                0x0000000008009e90                . = ALIGN (0x4)
 *(.ARM.extab* .gnu.linkonce.armextab.*)
                0x0000000008009e90                . = ALIGN (0x4)

.ARM            0x0000000008009e90        0x8
                0x0000000008009e90                . = ALIGN (0x4)
                0x0000000008009e90                __exidx_start = .
 *(.ARM.exidx*)
 .ARM.exidx     0x0000000008009e90        0x8 c:/st/stm32cubeide_1.0.2/stm32cubeide/plugins/com.st.stm32cube.ide.mcu.externaltools.gnu-tools-for-stm32.7-2018-q2-update.win32_1.0.0.201904181610/tools/bin/../lib/gcc/arm-none-eabi/7.3.1/thumb/v7e-m/fpv5/hard\libgcc.a(_udivmoddi4.o)
                0x0000000008009e98                __exidx_end = .
                0x0000000008009e98                . = ALIGN (0x4)

.rel.dyn        0x0000000008009e98        0x0
 .rel.iplt      0x0000000008009e98        0x0 c:/st/stm32cubeide_1.0.2/stm32cubeide/plugins/com.st.stm32cube.ide.mcu.externaltools.gnu-tools-for-stm32.7-2018-q2-update.win32_1.0.0.201904181610/tools/bin/../lib/gcc/arm-none-eabi/7.3.1/thumb/v7e-m/fpv5/hard/crtbegin.o

.preinit_array  0x0000000008009e98        0x0
                0x0000000008009e98                . = ALIGN (0x4)
                0x0000000008009e98                PROVIDE (__preinit_array_start = .)
 *(.preinit_array*)
                0x0000000008009e98                PROVIDE (__preinit_array_end = .)
                0x0000000008009e98                . = ALIGN (0x4)

.init_array     0x0000000008009e98        0x4
                0x0000000008009e98                . = ALIGN (0x4)
                0x0000000008009e98                PROVIDE (__init_array_start = .)
 *(SORT_BY_NAME(.init_array.*))
 *(.init_array*)
 .init_array    0x0000000008009e98        0x4 c:/st/stm32cubeide_1.0.2/stm32cubeide/plugins/com.st.stm32cube.ide.mcu.externaltools.gnu-tools-for-stm32.7-2018-q2-update.win32_1.0.0.201904181610/tools/bin/../lib/gcc/arm-none-eabi/7.3.1/thumb/v7e-m/fpv5/hard/crtbegin.o
                0x0000000008009e9c                PROVIDE (__init_array_end = .)
                0x0000000008009e9c                . = ALIGN (0x4)

.fini_array     0x0000000008009e9c        0x4
                0x0000000008009e9c                . = ALIGN (0x4)
                [!provide]                        PROVIDE (__fini_array_start = .)
 *(SORT_BY_NAME(.fini_array.*))
 *(.fini_array*)
 .fini_array    0x0000000008009e9c        0x4 c:/st/stm32cubeide_1.0.2/stm32cubeide/plugins/com.st.stm32cube.ide.mcu.externaltools.gnu-tools-for-stm32.7-2018-q2-update.win32_1.0.0.201904181610/tools/bin/../lib/gcc/arm-none-eabi/7.3.1/thumb/v7e-m/fpv5/hard/crtbegin.o
                [!provide]                        PROVIDE (__fini_array_end = .)
                0x0000000008009ea0                . = ALIGN (0x4)
                0x0000000008009ea0                _sidata = LOADADDR (.data)

.data           0x0000000024000000       0x10 load address 0x0000000008009ea0
                0x0000000024000000                . = ALIGN (0x4)
                0x0000000024000000                _sdata = .
 *(.data)
 *(.data*)
 .data.uwTickPrio
                0x0000000024000000        0x4 Drivers/STM32H7xx_HAL_Driver/Src/stm32h7xx_hal.o
                0x0000000024000000                uwTickPrio
 .data.uwTickFreq
                0x0000000024000004        0x1 Drivers/STM32H7xx_HAL_Driver/Src/stm32h7xx_hal.o
                0x0000000024000004                uwTickFreq
 *fill*         0x0000000024000005        0x3 
 .data.SystemCoreClock
                0x0000000024000008        0x4 Src/system_stm32h7xx.o
                0x0000000024000008                SystemCoreClock
 .data.SystemD2Clock
                0x000000002400000c        0x4 Src/system_stm32h7xx.o
                0x000000002400000c                SystemD2Clock
                0x0000000024000010                . = ALIGN (0x4)
                0x0000000024000010                _edata = .

.igot.plt       0x0000000024000010        0x0 load address 0x0000000008009eb0
 .igot.plt      0x0000000024000010        0x0 c:/st/stm32cubeide_1.0.2/stm32cubeide/plugins/com.st.stm32cube.ide.mcu.externaltools.gnu-tools-for-stm32.7-2018-q2-update.win32_1.0.0.201904181610/tools/bin/../lib/gcc/arm-none-eabi/7.3.1/thumb/v7e-m/fpv5/hard/crtbegin.o

.RxDecripSection
                0x0000000024000010       0x60 load address 0x0000000008009eb0
 .RxDecripSection
                0x0000000024000010       0x60 Src/main.o
                0x0000000024000010                DMARxDscrTab

.TxDecripSection
                0x0000000024000070       0x60 load address 0x0000000008009f10
 .TxDecripSection
                0x0000000024000070       0x60 Src/main.o
                0x0000000024000070                DMATxDscrTab
                0x00000000240000d0                . = ALIGN (0x4)

.bss            0x00000000240000d0      0x62c load address 0x0000000008009f70
                0x00000000240000d0                _sbss = .
                0x00000000240000d0                __bss_start__ = _sbss
 *(.bss)
 .bss           0x00000000240000d0       0x1c c:/st/stm32cubeide_1.0.2/stm32cubeide/plugins/com.st.stm32cube.ide.mcu.externaltools.gnu-tools-for-stm32.7-2018-q2-update.win32_1.0.0.201904181610/tools/bin/../lib/gcc/arm-none-eabi/7.3.1/thumb/v7e-m/fpv5/hard/crtbegin.o
 *(.bss*)
 .bss.fac_us    0x00000000240000ec        0x1 Src/delay.o
 *fill*         0x00000000240000ed        0x1 
 .bss.fac_ms    0x00000000240000ee        0x2 Src/delay.o
 .bss.duty      0x00000000240000f0        0x4 Src/main.o
                0x00000000240000f0                duty
 .bss.freq      0x00000000240000f4        0x4 Src/main.o
                0x00000000240000f4                freq
 .bss.tmp1      0x00000000240000f8        0x4 Src/main.o
                0x00000000240000f8                tmp1
 .bss.tmp2      0x00000000240000fc        0x4 Src/main.o
                0x00000000240000fc                tmp2
 *(COMMON)
 COMMON         0x0000000024000100        0x4 Drivers/STM32H7xx_HAL_Driver/Src/stm32h7xx_hal.o
                0x0000000024000100                uwTick
 COMMON         0x0000000024000104      0x5f8 Src/main.o
                0x0000000024000104                huart3
                0x0000000024000190                hpcd_USB_OTG_FS
                0x0000000024000598                htim3
                0x00000000240005d8                htim13
                0x0000000024000618                htim12
                0x0000000024000658                heth
                0x00000000240006c8                TxConfig
                0x00000000240006fc                . = ALIGN (0x4)
                0x00000000240006fc                _ebss = .
                0x00000000240006fc                __bss_end__ = _ebss

._user_heap_stack
                0x00000000240006fc      0x604 load address 0x0000000008009f70
                0x0000000024000700                . = ALIGN (0x8)
 *fill*         0x00000000240006fc        0x4 
                0x0000000024000700                PROVIDE (end = .)
                [!provide]                        PROVIDE (_end = .)
                0x0000000024000900                . = (. + _Min_Heap_Size)
 *fill*         0x0000000024000700      0x200 
                0x0000000024000d00                . = (. + _Min_Stack_Size)
 *fill*         0x0000000024000900      0x400 
                0x0000000024000d00                . = ALIGN (0x8)

/DISCARD/
 libc.a(*)
 libm.a(*)
 libgcc.a(*)

.ARM.attributes
                0x0000000000000000       0x2e
 *(.ARM.attributes)
 .ARM.attributes
                0x0000000000000000       0x20 c:/st/stm32cubeide_1.0.2/stm32cubeide/plugins/com.st.stm32cube.ide.mcu.externaltools.gnu-tools-for-stm32.7-2018-q2-update.win32_1.0.0.201904181610/tools/bin/../lib/gcc/arm-none-eabi/7.3.1/thumb/v7e-m/fpv5/hard/crti.o
 .ARM.attributes
                0x0000000000000020       0x32 c:/st/stm32cubeide_1.0.2/stm32cubeide/plugins/com.st.stm32cube.ide.mcu.externaltools.gnu-tools-for-stm32.7-2018-q2-update.win32_1.0.0.201904181610/tools/bin/../lib/gcc/arm-none-eabi/7.3.1/thumb/v7e-m/fpv5/hard/crtbegin.o
 .ARM.attributes
                0x0000000000000052       0x37 Drivers/STM32H7xx_HAL_Driver/Src/stm32h7xx_hal.o
 .ARM.attributes
                0x0000000000000089       0x37 Drivers/STM32H7xx_HAL_Driver/Src/stm32h7xx_hal_cortex.o
 .ARM.attributes
                0x00000000000000c0       0x37 Drivers/STM32H7xx_HAL_Driver/Src/stm32h7xx_hal_eth.o
 .ARM.attributes
                0x00000000000000f7       0x37 Drivers/STM32H7xx_HAL_Driver/Src/stm32h7xx_hal_gpio.o
 .ARM.attributes
                0x000000000000012e       0x37 Drivers/STM32H7xx_HAL_Driver/Src/stm32h7xx_hal_pcd.o
 .ARM.attributes
                0x0000000000000165       0x37 Drivers/STM32H7xx_HAL_Driver/Src/stm32h7xx_hal_pcd_ex.o
 .ARM.attributes
                0x000000000000019c       0x37 Drivers/STM32H7xx_HAL_Driver/Src/stm32h7xx_hal_pwr_ex.o
 .ARM.attributes
                0x00000000000001d3       0x37 Drivers/STM32H7xx_HAL_Driver/Src/stm32h7xx_hal_rcc.o
 .ARM.attributes
                0x000000000000020a       0x37 Drivers/STM32H7xx_HAL_Driver/Src/stm32h7xx_hal_rcc_ex.o
 .ARM.attributes
                0x0000000000000241       0x37 Drivers/STM32H7xx_HAL_Driver/Src/stm32h7xx_hal_tim.o
 .ARM.attributes
                0x0000000000000278       0x37 Drivers/STM32H7xx_HAL_Driver/Src/stm32h7xx_hal_tim_ex.o
 .ARM.attributes
                0x00000000000002af       0x37 Drivers/STM32H7xx_HAL_Driver/Src/stm32h7xx_hal_uart.o
 .ARM.attributes
                0x00000000000002e6       0x37 Drivers/STM32H7xx_HAL_Driver/Src/stm32h7xx_hal_uart_ex.o
 .ARM.attributes
                0x000000000000031d       0x37 Drivers/STM32H7xx_HAL_Driver/Src/stm32h7xx_ll_usb.o
 .ARM.attributes
                0x0000000000000354       0x37 Src/delay.o
 .ARM.attributes
                0x000000000000038b       0x37 Src/main.o
 .ARM.attributes
                0x00000000000003c2       0x37 Src/oled.o
 .ARM.attributes
                0x00000000000003f9       0x37 Src/stm32h7xx_hal_msp.o
 .ARM.attributes
                0x0000000000000430       0x37 Src/stm32h7xx_it.o
 .ARM.attributes
                0x0000000000000467       0x37 Src/sys.o
 .ARM.attributes
                0x000000000000049e       0x37 Src/system_stm32h7xx.o
 .ARM.attributes
                0x00000000000004d5       0x21 Startup/startup_stm32h743zitx.o
 .ARM.attributes
                0x00000000000004f6       0x32 c:/st/stm32cubeide_1.0.2/stm32cubeide/plugins/com.st.stm32cube.ide.mcu.externaltools.gnu-tools-for-stm32.7-2018-q2-update.win32_1.0.0.201904181610/tools/bin/../lib/gcc/arm-none-eabi/7.3.1/../../../../arm-none-eabi/lib/thumb/v7e-m/fpv5/hard\libc_nano.a(lib_a-init.o)
 .ARM.attributes
                0x0000000000000528       0x32 c:/st/stm32cubeide_1.0.2/stm32cubeide/plugins/com.st.stm32cube.ide.mcu.externaltools.gnu-tools-for-stm32.7-2018-q2-update.win32_1.0.0.201904181610/tools/bin/../lib/gcc/arm-none-eabi/7.3.1/../../../../arm-none-eabi/lib/thumb/v7e-m/fpv5/hard\libc_nano.a(lib_a-memset.o)
 .ARM.attributes
                0x000000000000055a       0x20 c:/st/stm32cubeide_1.0.2/stm32cubeide/plugins/com.st.stm32cube.ide.mcu.externaltools.gnu-tools-for-stm32.7-2018-q2-update.win32_1.0.0.201904181610/tools/bin/../lib/gcc/arm-none-eabi/7.3.1/thumb/v7e-m/fpv5/hard\libgcc.a(_aeabi_uldivmod.o)
 .ARM.attributes
                0x000000000000057a       0x32 c:/st/stm32cubeide_1.0.2/stm32cubeide/plugins/com.st.stm32cube.ide.mcu.externaltools.gnu-tools-for-stm32.7-2018-q2-update.win32_1.0.0.201904181610/tools/bin/../lib/gcc/arm-none-eabi/7.3.1/thumb/v7e-m/fpv5/hard\libgcc.a(_udivmoddi4.o)
 .ARM.attributes
                0x00000000000005ac       0x20 c:/st/stm32cubeide_1.0.2/stm32cubeide/plugins/com.st.stm32cube.ide.mcu.externaltools.gnu-tools-for-stm32.7-2018-q2-update.win32_1.0.0.201904181610/tools/bin/../lib/gcc/arm-none-eabi/7.3.1/thumb/v7e-m/fpv5/hard\libgcc.a(_dvmd_tls.o)
 .ARM.attributes
                0x00000000000005cc       0x20 c:/st/stm32cubeide_1.0.2/stm32cubeide/plugins/com.st.stm32cube.ide.mcu.externaltools.gnu-tools-for-stm32.7-2018-q2-update.win32_1.0.0.201904181610/tools/bin/../lib/gcc/arm-none-eabi/7.3.1/thumb/v7e-m/fpv5/hard/crtn.o
OUTPUT(PWM_project.elf elf32-littlearm)

.debug_info     0x0000000000000000    0x24a65
 .debug_info    0x0000000000000000     0x1de0 Drivers/STM32H7xx_HAL_Driver/Src/stm32h7xx_hal.o
 .debug_info    0x0000000000001de0     0x1a74 Drivers/STM32H7xx_HAL_Driver/Src/stm32h7xx_hal_cortex.o
 .debug_info    0x0000000000003854     0x2efa Drivers/STM32H7xx_HAL_Driver/Src/stm32h7xx_hal_eth.o
 .debug_info    0x000000000000674e     0x1640 Drivers/STM32H7xx_HAL_Driver/Src/stm32h7xx_hal_gpio.o
 .debug_info    0x0000000000007d8e     0x1a8e Drivers/STM32H7xx_HAL_Driver/Src/stm32h7xx_hal_pcd.o
 .debug_info    0x000000000000981c     0x11f1 Drivers/STM32H7xx_HAL_Driver/Src/stm32h7xx_hal_pcd_ex.o
 .debug_info    0x000000000000aa0d     0x1746 Drivers/STM32H7xx_HAL_Driver/Src/stm32h7xx_hal_pwr_ex.o
 .debug_info    0x000000000000c153     0x1760 Drivers/STM32H7xx_HAL_Driver/Src/stm32h7xx_hal_rcc.o
 .debug_info    0x000000000000d8b3     0x18cf Drivers/STM32H7xx_HAL_Driver/Src/stm32h7xx_hal_rcc_ex.o
 .debug_info    0x000000000000f182     0x3050 Drivers/STM32H7xx_HAL_Driver/Src/stm32h7xx_hal_tim.o
 .debug_info    0x00000000000121d2     0x1d08 Drivers/STM32H7xx_HAL_Driver/Src/stm32h7xx_hal_tim_ex.o
 .debug_info    0x0000000000013eda     0x2478 Drivers/STM32H7xx_HAL_Driver/Src/stm32h7xx_hal_uart.o
 .debug_info    0x0000000000016352     0x1483 Drivers/STM32H7xx_HAL_Driver/Src/stm32h7xx_hal_uart_ex.o
 .debug_info    0x00000000000177d5     0x227c Drivers/STM32H7xx_HAL_Driver/Src/stm32h7xx_ll_usb.o
 .debug_info    0x0000000000019a51      0xb99 Src/delay.o
 .debug_info    0x000000000001a5ea     0x36ff Src/main.o
 .debug_info    0x000000000001dce9      0xef3 Src/oled.o
 .debug_info    0x000000000001ebdc     0x2f99 Src/stm32h7xx_hal_msp.o
 .debug_info    0x0000000000021b75     0x10fe Src/stm32h7xx_it.o
 .debug_info    0x0000000000022c73      0xaae Src/sys.o
 .debug_info    0x0000000000023721     0x1322 Src/system_stm32h7xx.o
 .debug_info    0x0000000000024a43       0x22 Startup/startup_stm32h743zitx.o

.debug_abbrev   0x0000000000000000     0x382b
 .debug_abbrev  0x0000000000000000      0x2db Drivers/STM32H7xx_HAL_Driver/Src/stm32h7xx_hal.o
 .debug_abbrev  0x00000000000002db      0x3b5 Drivers/STM32H7xx_HAL_Driver/Src/stm32h7xx_hal_cortex.o
 .debug_abbrev  0x0000000000000690      0x2e2 Drivers/STM32H7xx_HAL_Driver/Src/stm32h7xx_hal_eth.o
 .debug_abbrev  0x0000000000000972      0x28f Drivers/STM32H7xx_HAL_Driver/Src/stm32h7xx_hal_gpio.o
 .debug_abbrev  0x0000000000000c01      0x2f4 Drivers/STM32H7xx_HAL_Driver/Src/stm32h7xx_hal_pcd.o
 .debug_abbrev  0x0000000000000ef5      0x2a2 Drivers/STM32H7xx_HAL_Driver/Src/stm32h7xx_hal_pcd_ex.o
 .debug_abbrev  0x0000000000001197      0x345 Drivers/STM32H7xx_HAL_Driver/Src/stm32h7xx_hal_pwr_ex.o
 .debug_abbrev  0x00000000000014dc      0x2e2 Drivers/STM32H7xx_HAL_Driver/Src/stm32h7xx_hal_rcc.o
 .debug_abbrev  0x00000000000017be      0x2c3 Drivers/STM32H7xx_HAL_Driver/Src/stm32h7xx_hal_rcc_ex.o
 .debug_abbrev  0x0000000000001a81      0x2bd Drivers/STM32H7xx_HAL_Driver/Src/stm32h7xx_hal_tim.o
 .debug_abbrev  0x0000000000001d3e      0x2ab Drivers/STM32H7xx_HAL_Driver/Src/stm32h7xx_hal_tim_ex.o
 .debug_abbrev  0x0000000000001fe9      0x2ae Drivers/STM32H7xx_HAL_Driver/Src/stm32h7xx_hal_uart.o
 .debug_abbrev  0x0000000000002297      0x26f Drivers/STM32H7xx_HAL_Driver/Src/stm32h7xx_hal_uart_ex.o
 .debug_abbrev  0x0000000000002506      0x30a Drivers/STM32H7xx_HAL_Driver/Src/stm32h7xx_ll_usb.o
 .debug_abbrev  0x0000000000002810      0x1f6 Src/delay.o
 .debug_abbrev  0x0000000000002a06      0x36d Src/main.o
 .debug_abbrev  0x0000000000002d73      0x273 Src/oled.o
 .debug_abbrev  0x0000000000002fe6      0x27c Src/stm32h7xx_hal_msp.o
 .debug_abbrev  0x0000000000003262      0x1e7 Src/stm32h7xx_it.o
 .debug_abbrev  0x0000000000003449      0x1b1 Src/sys.o
 .debug_abbrev  0x00000000000035fa      0x21f Src/system_stm32h7xx.o
 .debug_abbrev  0x0000000000003819       0x12 Startup/startup_stm32h743zitx.o

.debug_aranges  0x0000000000000000     0x1538
 .debug_aranges
                0x0000000000000000      0x1b8 Drivers/STM32H7xx_HAL_Driver/Src/stm32h7xx_hal.o
 .debug_aranges
                0x00000000000001b8      0x120 Drivers/STM32H7xx_HAL_Driver/Src/stm32h7xx_hal_cortex.o
 .debug_aranges
                0x00000000000002d8      0x1b0 Drivers/STM32H7xx_HAL_Driver/Src/stm32h7xx_hal_eth.o
 .debug_aranges
                0x0000000000000488       0x58 Drivers/STM32H7xx_HAL_Driver/Src/stm32h7xx_hal_gpio.o
 .debug_aranges
                0x00000000000004e0      0x130 Drivers/STM32H7xx_HAL_Driver/Src/stm32h7xx_hal_pcd.o
 .debug_aranges
                0x0000000000000610       0x60 Drivers/STM32H7xx_HAL_Driver/Src/stm32h7xx_hal_pcd_ex.o
 .debug_aranges
                0x0000000000000670      0x158 Drivers/STM32H7xx_HAL_Driver/Src/stm32h7xx_hal_pwr_ex.o
 .debug_aranges
                0x00000000000007c8       0x88 Drivers/STM32H7xx_HAL_Driver/Src/stm32h7xx_hal_rcc.o
 .debug_aranges
                0x0000000000000850       0xe0 Drivers/STM32H7xx_HAL_Driver/Src/stm32h7xx_hal_rcc_ex.o
 .debug_aranges
                0x0000000000000930      0x3c8 Drivers/STM32H7xx_HAL_Driver/Src/stm32h7xx_hal_tim.o
 .debug_aranges
                0x0000000000000cf8      0x170 Drivers/STM32H7xx_HAL_Driver/Src/stm32h7xx_hal_tim_ex.o
 .debug_aranges
                0x0000000000000e68      0x230 Drivers/STM32H7xx_HAL_Driver/Src/stm32h7xx_hal_uart.o
 .debug_aranges
                0x0000000000001098       0x88 Drivers/STM32H7xx_HAL_Driver/Src/stm32h7xx_hal_uart_ex.o
 .debug_aranges
                0x0000000000001120      0x198 Drivers/STM32H7xx_HAL_Driver/Src/stm32h7xx_ll_usb.o
 .debug_aranges
                0x00000000000012b8       0x30 Src/delay.o
 .debug_aranges
                0x00000000000012e8       0x90 Src/main.o
 .debug_aranges
                0x0000000000001378       0x78 Src/oled.o
 .debug_aranges
                0x00000000000013f0       0x68 Src/stm32h7xx_hal_msp.o
 .debug_aranges
                0x0000000000001458       0x70 Src/stm32h7xx_it.o
 .debug_aranges
                0x00000000000014c8       0x20 Src/sys.o
 .debug_aranges
                0x00000000000014e8       0x28 Src/system_stm32h7xx.o
 .debug_aranges
                0x0000000000001510       0x28 Startup/startup_stm32h743zitx.o

.debug_ranges   0x0000000000000000     0x13e0
 .debug_ranges  0x0000000000000000      0x1a8 Drivers/STM32H7xx_HAL_Driver/Src/stm32h7xx_hal.o
 .debug_ranges  0x00000000000001a8      0x110 Drivers/STM32H7xx_HAL_Driver/Src/stm32h7xx_hal_cortex.o
 .debug_ranges  0x00000000000002b8      0x1a0 Drivers/STM32H7xx_HAL_Driver/Src/stm32h7xx_hal_eth.o
 .debug_ranges  0x0000000000000458       0x48 Drivers/STM32H7xx_HAL_Driver/Src/stm32h7xx_hal_gpio.o
 .debug_ranges  0x00000000000004a0      0x120 Drivers/STM32H7xx_HAL_Driver/Src/stm32h7xx_hal_pcd.o
 .debug_ranges  0x00000000000005c0       0x50 Drivers/STM32H7xx_HAL_Driver/Src/stm32h7xx_hal_pcd_ex.o
 .debug_ranges  0x0000000000000610      0x148 Drivers/STM32H7xx_HAL_Driver/Src/stm32h7xx_hal_pwr_ex.o
 .debug_ranges  0x0000000000000758       0x78 Drivers/STM32H7xx_HAL_Driver/Src/stm32h7xx_hal_rcc.o
 .debug_ranges  0x00000000000007d0       0xd0 Drivers/STM32H7xx_HAL_Driver/Src/stm32h7xx_hal_rcc_ex.o
 .debug_ranges  0x00000000000008a0      0x3b8 Drivers/STM32H7xx_HAL_Driver/Src/stm32h7xx_hal_tim.o
 .debug_ranges  0x0000000000000c58      0x160 Drivers/STM32H7xx_HAL_Driver/Src/stm32h7xx_hal_tim_ex.o
 .debug_ranges  0x0000000000000db8      0x220 Drivers/STM32H7xx_HAL_Driver/Src/stm32h7xx_hal_uart.o
 .debug_ranges  0x0000000000000fd8       0x78 Drivers/STM32H7xx_HAL_Driver/Src/stm32h7xx_hal_uart_ex.o
 .debug_ranges  0x0000000000001050      0x188 Drivers/STM32H7xx_HAL_Driver/Src/stm32h7xx_ll_usb.o
 .debug_ranges  0x00000000000011d8       0x20 Src/delay.o
 .debug_ranges  0x00000000000011f8       0x80 Src/main.o
 .debug_ranges  0x0000000000001278       0x68 Src/oled.o
 .debug_ranges  0x00000000000012e0       0x58 Src/stm32h7xx_hal_msp.o
 .debug_ranges  0x0000000000001338       0x60 Src/stm32h7xx_it.o
 .debug_ranges  0x0000000000001398       0x10 Src/sys.o
 .debug_ranges  0x00000000000013a8       0x18 Src/system_stm32h7xx.o
 .debug_ranges  0x00000000000013c0       0x20 Startup/startup_stm32h743zitx.o

.debug_macro    0x0000000000000000    0x381bb
 .debug_macro   0x0000000000000000      0x2fc Drivers/STM32H7xx_HAL_Driver/Src/stm32h7xx_hal.o
 .debug_macro   0x00000000000002fc      0xa66 Drivers/STM32H7xx_HAL_Driver/Src/stm32h7xx_hal.o
 .debug_macro   0x0000000000000d62      0x1e1 Drivers/STM32H7xx_HAL_Driver/Src/stm32h7xx_hal.o
 .debug_macro   0x0000000000000f43       0x2e Drivers/STM32H7xx_HAL_Driver/Src/stm32h7xx_hal.o
 .debug_macro   0x0000000000000f71       0x3b Drivers/STM32H7xx_HAL_Driver/Src/stm32h7xx_hal.o
 .debug_macro   0x0000000000000fac       0x22 Drivers/STM32H7xx_HAL_Driver/Src/stm32h7xx_hal.o
 .debug_macro   0x0000000000000fce       0x8e Drivers/STM32H7xx_HAL_Driver/Src/stm32h7xx_hal.o
 .debug_macro   0x000000000000105c       0x51 Drivers/STM32H7xx_HAL_Driver/Src/stm32h7xx_hal.o
 .debug_macro   0x00000000000010ad       0xef Drivers/STM32H7xx_HAL_Driver/Src/stm32h7xx_hal.o
 .debug_macro   0x000000000000119c       0x6a Drivers/STM32H7xx_HAL_Driver/Src/stm32h7xx_hal.o
 .debug_macro   0x0000000000001206      0x1df Drivers/STM32H7xx_HAL_Driver/Src/stm32h7xx_hal.o
 .debug_macro   0x00000000000013e5       0x1c Drivers/STM32H7xx_HAL_Driver/Src/stm32h7xx_hal.o
 .debug_macro   0x0000000000001401       0x22 Drivers/STM32H7xx_HAL_Driver/Src/stm32h7xx_hal.o
 .debug_macro   0x0000000000001423       0xdf Drivers/STM32H7xx_HAL_Driver/Src/stm32h7xx_hal.o
 .debug_macro   0x0000000000001502     0x12cd Drivers/STM32H7xx_HAL_Driver/Src/stm32h7xx_hal.o
 .debug_macro   0x00000000000027cf      0x11f Drivers/STM32H7xx_HAL_Driver/Src/stm32h7xx_hal.o
 .debug_macro   0x00000000000028ee       0x19 Drivers/STM32H7xx_HAL_Driver/Src/stm32h7xx_hal.o
 .debug_macro   0x0000000000002907    0x250ca Drivers/STM32H7xx_HAL_Driver/Src/stm32h7xx_hal.o
 .debug_macro   0x00000000000279d1       0x43 Drivers/STM32H7xx_HAL_Driver/Src/stm32h7xx_hal.o
 .debug_macro   0x0000000000027a14     0x3bd7 Drivers/STM32H7xx_HAL_Driver/Src/stm32h7xx_hal.o
 .debug_macro   0x000000000002b5eb      0x174 Drivers/STM32H7xx_HAL_Driver/Src/stm32h7xx_hal.o
 .debug_macro   0x000000000002b75f       0x46 Drivers/STM32H7xx_HAL_Driver/Src/stm32h7xx_hal.o
 .debug_macro   0x000000000002b7a5       0x17 Drivers/STM32H7xx_HAL_Driver/Src/stm32h7xx_hal.o
 .debug_macro   0x000000000002b7bc       0x3c Drivers/STM32H7xx_HAL_Driver/Src/stm32h7xx_hal.o
 .debug_macro   0x000000000002b7f8       0x34 Drivers/STM32H7xx_HAL_Driver/Src/stm32h7xx_hal.o
 .debug_macro   0x000000000002b82c       0x52 Drivers/STM32H7xx_HAL_Driver/Src/stm32h7xx_hal.o
 .debug_macro   0x000000000002b87e       0x1f Drivers/STM32H7xx_HAL_Driver/Src/stm32h7xx_hal.o
 .debug_macro   0x000000000002b89d       0x43 Drivers/STM32H7xx_HAL_Driver/Src/stm32h7xx_hal.o
 .debug_macro   0x000000000002b8e0       0x20 Drivers/STM32H7xx_HAL_Driver/Src/stm32h7xx_hal.o
 .debug_macro   0x000000000002b900      0x1a3 Drivers/STM32H7xx_HAL_Driver/Src/stm32h7xx_hal.o
 .debug_macro   0x000000000002baa3      0x32a Drivers/STM32H7xx_HAL_Driver/Src/stm32h7xx_hal.o
 .debug_macro   0x000000000002bdcd      0x1e1 Drivers/STM32H7xx_HAL_Driver/Src/stm32h7xx_hal.o
 .debug_macro   0x000000000002bfae       0x54 Drivers/STM32H7xx_HAL_Driver/Src/stm32h7xx_hal.o
 .debug_macro   0x000000000002c002     0x23dd Drivers/STM32H7xx_HAL_Driver/Src/stm32h7xx_hal.o
 .debug_macro   0x000000000002e3df      0xf3e Drivers/STM32H7xx_HAL_Driver/Src/stm32h7xx_hal.o
 .debug_macro   0x000000000002f31d      0x146 Drivers/STM32H7xx_HAL_Driver/Src/stm32h7xx_hal.o
 .debug_macro   0x000000000002f463      0x117 Drivers/STM32H7xx_HAL_Driver/Src/stm32h7xx_hal.o
 .debug_macro   0x000000000002f57a      0x362 Drivers/STM32H7xx_HAL_Driver/Src/stm32h7xx_hal.o
 .debug_macro   0x000000000002f8dc       0x27 Drivers/STM32H7xx_HAL_Driver/Src/stm32h7xx_hal.o
 .debug_macro   0x000000000002f903      0x72d Drivers/STM32H7xx_HAL_Driver/Src/stm32h7xx_hal.o
 .debug_macro   0x0000000000030030      0x229 Drivers/STM32H7xx_HAL_Driver/Src/stm32h7xx_hal.o
 .debug_macro   0x0000000000030259       0x66 Drivers/STM32H7xx_HAL_Driver/Src/stm32h7xx_hal.o
 .debug_macro   0x00000000000302bf      0x39f Drivers/STM32H7xx_HAL_Driver/Src/stm32h7xx_hal.o
 .debug_macro   0x000000000003065e      0xa59 Drivers/STM32H7xx_HAL_Driver/Src/stm32h7xx_hal.o
 .debug_macro   0x00000000000310b7      0x129 Drivers/STM32H7xx_HAL_Driver/Src/stm32h7xx_hal.o
 .debug_macro   0x00000000000311e0      0x3e5 Drivers/STM32H7xx_HAL_Driver/Src/stm32h7xx_hal.o
 .debug_macro   0x00000000000315c5      0x275 Drivers/STM32H7xx_HAL_Driver/Src/stm32h7xx_hal.o
 .debug_macro   0x000000000003183a      0x3c6 Drivers/STM32H7xx_HAL_Driver/Src/stm32h7xx_hal.o
 .debug_macro   0x0000000000031c00      0x40f Drivers/STM32H7xx_HAL_Driver/Src/stm32h7xx_hal.o
 .debug_macro   0x000000000003200f       0x51 Drivers/STM32H7xx_HAL_Driver/Src/stm32h7xx_hal.o
 .debug_macro   0x0000000000032060       0x4a Drivers/STM32H7xx_HAL_Driver/Src/stm32h7xx_hal.o
 .debug_macro   0x00000000000320aa      0x22c Drivers/STM32H7xx_HAL_Driver/Src/stm32h7xx_hal.o
 .debug_macro   0x00000000000322d6       0x58 Drivers/STM32H7xx_HAL_Driver/Src/stm32h7xx_hal.o
 .debug_macro   0x000000000003232e       0xa5 Drivers/STM32H7xx_HAL_Driver/Src/stm32h7xx_hal.o
 .debug_macro   0x00000000000323d3      0x165 Drivers/STM32H7xx_HAL_Driver/Src/stm32h7xx_hal.o
 .debug_macro   0x0000000000032538      0x246 Drivers/STM32H7xx_HAL_Driver/Src/stm32h7xx_hal.o
 .debug_macro   0x000000000003277e       0x35 Drivers/STM32H7xx_HAL_Driver/Src/stm32h7xx_hal.o
 .debug_macro   0x00000000000327b3      0xa4b Drivers/STM32H7xx_HAL_Driver/Src/stm32h7xx_hal.o
 .debug_macro   0x00000000000331fe      0x216 Drivers/STM32H7xx_HAL_Driver/Src/stm32h7xx_hal.o
 .debug_macro   0x0000000000033414      0x662 Drivers/STM32H7xx_HAL_Driver/Src/stm32h7xx_hal.o
 .debug_macro   0x0000000000033a76       0xa6 Drivers/STM32H7xx_HAL_Driver/Src/stm32h7xx_hal.o
 .debug_macro   0x0000000000033b1c      0x225 Drivers/STM32H7xx_HAL_Driver/Src/stm32h7xx_hal.o
 .debug_macro   0x0000000000033d41       0xd6 Drivers/STM32H7xx_HAL_Driver/Src/stm32h7xx_hal.o
 .debug_macro   0x0000000000033e17      0x57c Drivers/STM32H7xx_HAL_Driver/Src/stm32h7xx_hal.o
 .debug_macro   0x0000000000034393      0x2d2 Drivers/STM32H7xx_HAL_Driver/Src/stm32h7xx_hal_cortex.o
 .debug_macro   0x0000000000034665      0x35f Drivers/STM32H7xx_HAL_Driver/Src/stm32h7xx_hal_eth.o
 .debug_macro   0x00000000000349c4      0x30e Drivers/STM32H7xx_HAL_Driver/Src/stm32h7xx_hal_gpio.o
 .debug_macro   0x0000000000034cd2      0x2de Drivers/STM32H7xx_HAL_Driver/Src/stm32h7xx_hal_pcd.o
 .debug_macro   0x0000000000034fb0      0x2d2 Drivers/STM32H7xx_HAL_Driver/Src/stm32h7xx_hal_pcd_ex.o
 .debug_macro   0x0000000000035282      0x302 Drivers/STM32H7xx_HAL_Driver/Src/stm32h7xx_hal_pwr_ex.o
 .debug_macro   0x0000000000035584      0x2f6 Drivers/STM32H7xx_HAL_Driver/Src/stm32h7xx_hal_rcc.o
 .debug_macro   0x000000000003587a      0x2f0 Drivers/STM32H7xx_HAL_Driver/Src/stm32h7xx_hal_rcc_ex.o
 .debug_macro   0x0000000000035b6a      0x2d3 Drivers/STM32H7xx_HAL_Driver/Src/stm32h7xx_hal_tim.o
 .debug_macro   0x0000000000035e3d      0x2d2 Drivers/STM32H7xx_HAL_Driver/Src/stm32h7xx_hal_tim_ex.o
 .debug_macro   0x000000000003610f      0x2fd Drivers/STM32H7xx_HAL_Driver/Src/stm32h7xx_hal_uart.o
 .debug_macro   0x000000000003640c      0x2de Drivers/STM32H7xx_HAL_Driver/Src/stm32h7xx_hal_uart_ex.o
 .debug_macro   0x00000000000366ea      0x2d2 Drivers/STM32H7xx_HAL_Driver/Src/stm32h7xx_ll_usb.o
 .debug_macro   0x00000000000369bc      0x2ef Src/delay.o
 .debug_macro   0x0000000000036cab       0xc4 Src/delay.o
 .debug_macro   0x0000000000036d6f      0x311 Src/main.o
 .debug_macro   0x0000000000037080       0xa0 Src/main.o
 .debug_macro   0x0000000000037120       0x16 Src/main.o
 .debug_macro   0x0000000000037136       0x35 Src/main.o
 .debug_macro   0x000000000003716b       0x20 Src/main.o
 .debug_macro   0x000000000003718b      0x338 Src/oled.o
 .debug_macro   0x00000000000374c3       0x16 Src/oled.o
 .debug_macro   0x00000000000374d9       0x16 Src/oled.o
 .debug_macro   0x00000000000374ef       0x29 Src/oled.o
 .debug_macro   0x0000000000037518      0x11e Src/oled.o
 .debug_macro   0x0000000000037636      0x2e1 Src/stm32h7xx_hal_msp.o
 .debug_macro   0x0000000000037917      0x2eb Src/stm32h7xx_it.o
 .debug_macro   0x0000000000037c02      0x2e1 Src/sys.o
 .debug_macro   0x0000000000037ee3      0x2d8 Src/system_stm32h7xx.o

.debug_line     0x0000000000000000    0x12628
 .debug_line    0x0000000000000000      0xcb8 Drivers/STM32H7xx_HAL_Driver/Src/stm32h7xx_hal.o
 .debug_line    0x0000000000000cb8      0xbf7 Drivers/STM32H7xx_HAL_Driver/Src/stm32h7xx_hal_cortex.o
 .debug_line    0x00000000000018af     0x1167 Drivers/STM32H7xx_HAL_Driver/Src/stm32h7xx_hal_eth.o
 .debug_line    0x0000000000002a16      0xab2 Drivers/STM32H7xx_HAL_Driver/Src/stm32h7xx_hal_gpio.o
 .debug_line    0x00000000000034c8      0xe3c Drivers/STM32H7xx_HAL_Driver/Src/stm32h7xx_hal_pcd.o
 .debug_line    0x0000000000004304      0x9a6 Drivers/STM32H7xx_HAL_Driver/Src/stm32h7xx_hal_pcd_ex.o
 .debug_line    0x0000000000004caa      0xc72 Drivers/STM32H7xx_HAL_Driver/Src/stm32h7xx_hal_pwr_ex.o
 .debug_line    0x000000000000591c      0xc2c Drivers/STM32H7xx_HAL_Driver/Src/stm32h7xx_hal_rcc.o
 .debug_line    0x0000000000006548      0xe8a Drivers/STM32H7xx_HAL_Driver/Src/stm32h7xx_hal_rcc_ex.o
 .debug_line    0x00000000000073d2     0x1d7e Drivers/STM32H7xx_HAL_Driver/Src/stm32h7xx_hal_tim.o
 .debug_line    0x0000000000009150      0xfc8 Drivers/STM32H7xx_HAL_Driver/Src/stm32h7xx_hal_tim_ex.o
 .debug_line    0x000000000000a118     0x25ca Drivers/STM32H7xx_HAL_Driver/Src/stm32h7xx_hal_uart.o
 .debug_line    0x000000000000c6e2      0xb2a Drivers/STM32H7xx_HAL_Driver/Src/stm32h7xx_hal_uart_ex.o
 .debug_line    0x000000000000d20c      0xfe1 Drivers/STM32H7xx_HAL_Driver/Src/stm32h7xx_ll_usb.o
 .debug_line    0x000000000000e1ed      0x904 Src/delay.o
 .debug_line    0x000000000000eaf1      0xaec Src/main.o
 .debug_line    0x000000000000f5dd      0xae3 Src/oled.o
 .debug_line    0x00000000000100c0      0x9cf Src/stm32h7xx_hal_msp.o
 .debug_line    0x0000000000010a8f      0x97e Src/stm32h7xx_it.o
 .debug_line    0x000000000001140d      0x8a5 Src/sys.o
 .debug_line    0x0000000000011cb2      0x8f6 Src/system_stm32h7xx.o
 .debug_line    0x00000000000125a8       0x80 Startup/startup_stm32h743zitx.o

.debug_str      0x0000000000000000   0x165500
 .debug_str     0x0000000000000000   0x15d9a4 Drivers/STM32H7xx_HAL_Driver/Src/stm32h7xx_hal.o
                                     0x15e01f (size before relaxing)
 .debug_str     0x000000000015d9a4      0x4ab Drivers/STM32H7xx_HAL_Driver/Src/stm32h7xx_hal_cortex.o
                                     0x15dacb (size before relaxing)
 .debug_str     0x000000000015de4f     0x184b Drivers/STM32H7xx_HAL_Driver/Src/stm32h7xx_hal_eth.o
                                     0x15e84d (size before relaxing)
 .debug_str     0x000000000015f69a      0x268 Drivers/STM32H7xx_HAL_Driver/Src/stm32h7xx_hal_gpio.o
                                     0x15d263 (size before relaxing)
 .debug_str     0x000000000015f902      0x8c5 Drivers/STM32H7xx_HAL_Driver/Src/stm32h7xx_hal_pcd.o
                                     0x15d5c3 (size before relaxing)
 .debug_str     0x00000000001601c7      0x1b4 Drivers/STM32H7xx_HAL_Driver/Src/stm32h7xx_hal_pcd_ex.o
                                     0x15d23c (size before relaxing)
 .debug_str     0x000000000016037b      0x6b1 Drivers/STM32H7xx_HAL_Driver/Src/stm32h7xx_hal_pwr_ex.o
                                     0x15d601 (size before relaxing)
 .debug_str     0x0000000000160a2c      0x537 Drivers/STM32H7xx_HAL_Driver/Src/stm32h7xx_hal_rcc.o
                                     0x15d4c0 (size before relaxing)
 .debug_str     0x0000000000160f63      0x911 Drivers/STM32H7xx_HAL_Driver/Src/stm32h7xx_hal_rcc_ex.o
                                     0x15d897 (size before relaxing)
 .debug_str     0x0000000000161874     0x123f Drivers/STM32H7xx_HAL_Driver/Src/stm32h7xx_hal_tim.o
                                     0x15e066 (size before relaxing)
 .debug_str     0x0000000000162ab3      0x617 Drivers/STM32H7xx_HAL_Driver/Src/stm32h7xx_hal_tim_ex.o
                                     0x15d956 (size before relaxing)
 .debug_str     0x00000000001630ca      0xb47 Drivers/STM32H7xx_HAL_Driver/Src/stm32h7xx_hal_uart.o
                                     0x15de1a (size before relaxing)
 .debug_str     0x0000000000163c11      0x27a Drivers/STM32H7xx_HAL_Driver/Src/stm32h7xx_hal_uart_ex.o
                                     0x15d462 (size before relaxing)
 .debug_str     0x0000000000163e8b      0x67a Drivers/STM32H7xx_HAL_Driver/Src/stm32h7xx_ll_usb.o
                                     0x15d72e (size before relaxing)
 .debug_str     0x0000000000164505      0x4bf Src/delay.o
                                     0x15d139 (size before relaxing)
 .debug_str     0x00000000001649c4      0x49f Src/main.o
                                     0x15ee2e (size before relaxing)
 .debug_str     0x0000000000164e63      0x4ed Src/oled.o
                                     0x15d8de (size before relaxing)
 .debug_str     0x0000000000165350       0x39 Src/stm32h7xx_hal_msp.o
                                     0x15ec6f (size before relaxing)
 .debug_str     0x0000000000165389       0xe1 Src/stm32h7xx_it.o
                                     0x15d4b8 (size before relaxing)
 .debug_str     0x000000000016546a        0xd Src/sys.o
                                     0x15d0de (size before relaxing)
 .debug_str     0x0000000000165477       0x58 Src/system_stm32h7xx.o
                                     0x15d059 (size before relaxing)
 .debug_str     0x00000000001654cf       0x31 Startup/startup_stm32h743zitx.o
                                         0x79 (size before relaxing)

.comment        0x0000000000000000       0x7b
 .comment       0x0000000000000000       0x7b Drivers/STM32H7xx_HAL_Driver/Src/stm32h7xx_hal.o
                                         0x7c (size before relaxing)
 .comment       0x000000000000007b       0x7c Drivers/STM32H7xx_HAL_Driver/Src/stm32h7xx_hal_cortex.o
 .comment       0x000000000000007b       0x7c Drivers/STM32H7xx_HAL_Driver/Src/stm32h7xx_hal_eth.o
 .comment       0x000000000000007b       0x7c Drivers/STM32H7xx_HAL_Driver/Src/stm32h7xx_hal_gpio.o
 .comment       0x000000000000007b       0x7c Drivers/STM32H7xx_HAL_Driver/Src/stm32h7xx_hal_pcd.o
 .comment       0x000000000000007b       0x7c Drivers/STM32H7xx_HAL_Driver/Src/stm32h7xx_hal_pcd_ex.o
 .comment       0x000000000000007b       0x7c Drivers/STM32H7xx_HAL_Driver/Src/stm32h7xx_hal_pwr_ex.o
 .comment       0x000000000000007b       0x7c Drivers/STM32H7xx_HAL_Driver/Src/stm32h7xx_hal_rcc.o
 .comment       0x000000000000007b       0x7c Drivers/STM32H7xx_HAL_Driver/Src/stm32h7xx_hal_rcc_ex.o
 .comment       0x000000000000007b       0x7c Drivers/STM32H7xx_HAL_Driver/Src/stm32h7xx_hal_tim.o
 .comment       0x000000000000007b       0x7c Drivers/STM32H7xx_HAL_Driver/Src/stm32h7xx_hal_tim_ex.o
 .comment       0x000000000000007b       0x7c Drivers/STM32H7xx_HAL_Driver/Src/stm32h7xx_hal_uart.o
 .comment       0x000000000000007b       0x7c Drivers/STM32H7xx_HAL_Driver/Src/stm32h7xx_hal_uart_ex.o
 .comment       0x000000000000007b       0x7c Drivers/STM32H7xx_HAL_Driver/Src/stm32h7xx_ll_usb.o
 .comment       0x000000000000007b       0x7c Src/delay.o
 .comment       0x000000000000007b       0x7c Src/main.o
 .comment       0x000000000000007b       0x7c Src/oled.o
 .comment       0x000000000000007b       0x7c Src/stm32h7xx_hal_msp.o
 .comment       0x000000000000007b       0x7c Src/stm32h7xx_it.o
 .comment       0x000000000000007b       0x7c Src/sys.o
 .comment       0x000000000000007b       0x7c Src/system_stm32h7xx.o

.debug_frame    0x0000000000000000     0x5a70
 .debug_frame   0x0000000000000000      0x708 Drivers/STM32H7xx_HAL_Driver/Src/stm32h7xx_hal.o
 .debug_frame   0x0000000000000708      0x4b8 Drivers/STM32H7xx_HAL_Driver/Src/stm32h7xx_hal_cortex.o
 .debug_frame   0x0000000000000bc0      0x7d0 Drivers/STM32H7xx_HAL_Driver/Src/stm32h7xx_hal_eth.o
 .debug_frame   0x0000000000001390      0x14c Drivers/STM32H7xx_HAL_Driver/Src/stm32h7xx_hal_gpio.o
 .debug_frame   0x00000000000014dc      0x548 Drivers/STM32H7xx_HAL_Driver/Src/stm32h7xx_hal_pcd.o
 .debug_frame   0x0000000000001a24      0x174 Drivers/STM32H7xx_HAL_Driver/Src/stm32h7xx_hal_pcd_ex.o
 .debug_frame   0x0000000000001b98      0x580 Drivers/STM32H7xx_HAL_Driver/Src/stm32h7xx_hal_pwr_ex.o
 .debug_frame   0x0000000000002118      0x1ec Drivers/STM32H7xx_HAL_Driver/Src/stm32h7xx_hal_rcc.o
 .debug_frame   0x0000000000002304      0x390 Drivers/STM32H7xx_HAL_Driver/Src/stm32h7xx_hal_rcc_ex.o
 .debug_frame   0x0000000000002694     0x118c Drivers/STM32H7xx_HAL_Driver/Src/stm32h7xx_hal_tim.o
 .debug_frame   0x0000000000003820      0x660 Drivers/STM32H7xx_HAL_Driver/Src/stm32h7xx_hal_tim_ex.o
 .debug_frame   0x0000000000003e80      0xa0c Drivers/STM32H7xx_HAL_Driver/Src/stm32h7xx_hal_uart.o
 .debug_frame   0x000000000000488c      0x22c Drivers/STM32H7xx_HAL_Driver/Src/stm32h7xx_hal_uart_ex.o
 .debug_frame   0x0000000000004ab8      0x790 Drivers/STM32H7xx_HAL_Driver/Src/stm32h7xx_ll_usb.o
 .debug_frame   0x0000000000005248       0x7c Src/delay.o
 .debug_frame   0x00000000000052c4      0x20c Src/main.o
 .debug_frame   0x00000000000054d0      0x1b0 Src/oled.o
 .debug_frame   0x0000000000005680      0x17c Src/stm32h7xx_hal_msp.o
 .debug_frame   0x00000000000057fc      0x144 Src/stm32h7xx_it.o
 .debug_frame   0x0000000000005940       0x2c Src/sys.o
 .debug_frame   0x000000000000596c       0x58 Src/system_stm32h7xx.o
 .debug_frame   0x00000000000059c4       0x2c c:/st/stm32cubeide_1.0.2/stm32cubeide/plugins/com.st.stm32cube.ide.mcu.externaltools.gnu-tools-for-stm32.7-2018-q2-update.win32_1.0.0.201904181610/tools/bin/../lib/gcc/arm-none-eabi/7.3.1/../../../../arm-none-eabi/lib/thumb/v7e-m/fpv5/hard\libc_nano.a(lib_a-init.o)
 .debug_frame   0x00000000000059f0       0x20 c:/st/stm32cubeide_1.0.2/stm32cubeide/plugins/com.st.stm32cube.ide.mcu.externaltools.gnu-tools-for-stm32.7-2018-q2-update.win32_1.0.0.201904181610/tools/bin/../lib/gcc/arm-none-eabi/7.3.1/../../../../arm-none-eabi/lib/thumb/v7e-m/fpv5/hard\libc_nano.a(lib_a-memset.o)
 .debug_frame   0x0000000000005a10       0x2c c:/st/stm32cubeide_1.0.2/stm32cubeide/plugins/com.st.stm32cube.ide.mcu.externaltools.gnu-tools-for-stm32.7-2018-q2-update.win32_1.0.0.201904181610/tools/bin/../lib/gcc/arm-none-eabi/7.3.1/thumb/v7e-m/fpv5/hard\libgcc.a(_aeabi_uldivmod.o)
 .debug_frame   0x0000000000005a3c       0x34 c:/st/stm32cubeide_1.0.2/stm32cubeide/plugins/com.st.stm32cube.ide.mcu.externaltools.gnu-tools-for-stm32.7-2018-q2-update.win32_1.0.0.201904181610/tools/bin/../lib/gcc/arm-none-eabi/7.3.1/thumb/v7e-m/fpv5/hard\libgcc.a(_udivmoddi4.o)
