main.c:113:5:main	8	static
main.c:191:6:SystemClock_Config	312	static
main.c:257:13:MX_ETH_Init	16	static
main.c:306:13:MX_TIM3_Init	72	static
main.c:379:13:MX_TIM12_Init	56	static
main.c:431:13:MX_TIM13_Init	8	static
main.c:462:13:MX_USART3_UART_Init	8	static
main.c:510:13:MX_USB_OTG_FS_PCD_Init	8	static
main.c:546:13:MX_GPIO_Init	64	static
main.c:639:6:TIM_SetTIM12Changefrequency2	16	static
main.c:647:7:getduty	4	static
main.c:655:6:getfreq	4	static
main.c:661:6:HAL_TIM_IC_CaptureCallback	16	static
main.c:686:6:HAL_TIM_PeriodElapsedCallback	24	static
main.c:700:6:Error_Handler	4	static
