main.c:117:5:main	8	static
main.c:194:6:SystemClock_Config	312	static
main.c:260:13:MX_ETH_Init	16	static
main.c:309:13:MX_TIM3_Init	72	static
main.c:382:13:MX_TIM12_Init	56	static
main.c:434:13:MX_TIM13_Init	8	static
main.c:465:13:MX_USART3_UART_Init	8	static
main.c:513:13:MX_USB_OTG_FS_PCD_Init	8	static
main.c:549:13:MX_GPIO_Init	64	static
main.c:668:6:TIM_SetTIM12Changefrequency2	16	static
main.c:676:7:getduty	4	static
main.c:684:6:getfreq	4	static
main.c:690:6:HAL_TIM_IC_CaptureCallback	16	static
main.c:715:6:HAL_TIM_PeriodElapsedCallback	24	static
main.c:725:6:HAL_GPIO_EXTI_Callback	16	static
main.c:748:6:Error_Handler	4	static
